Component: Arm Compiler for Embedded 6.21 Tool: armlink [5ec1fa00]

==============================================================================

Section Cross References

    startup_stm32f446xx.o(STACK) refers (Special) to heapauxi.o(.text) for __use_two_region_memory
    startup_stm32f446xx.o(HEAP) refers (Special) to heapauxi.o(.text) for __use_two_region_memory
    startup_stm32f446xx.o(RESET) refers (Special) to heapauxi.o(.text) for __use_two_region_memory
    startup_stm32f446xx.o(RESET) refers to startup_stm32f446xx.o(STACK) for __initial_sp
    startup_stm32f446xx.o(RESET) refers to startup_stm32f446xx.o(.text) for Reset_Handler
    startup_stm32f446xx.o(RESET) refers to stm32f4xx_it.o(.text.NMI_Handler) for NMI_Handler
    startup_stm32f446xx.o(RESET) refers to stm32f4xx_it.o(.text.HardFault_Handler) for HardFault_Handler
    startup_stm32f446xx.o(RESET) refers to stm32f4xx_it.o(.text.MemManage_Handler) for MemManage_Handler
    startup_stm32f446xx.o(RESET) refers to stm32f4xx_it.o(.text.BusFault_Handler) for BusFault_Handler
    startup_stm32f446xx.o(RESET) refers to stm32f4xx_it.o(.text.UsageFault_Handler) for UsageFault_Handler
    startup_stm32f446xx.o(RESET) refers to stm32f4xx_it.o(.text.SVC_Handler) for SVC_Handler
    startup_stm32f446xx.o(RESET) refers to stm32f4xx_it.o(.text.DebugMon_Handler) for DebugMon_Handler
    startup_stm32f446xx.o(RESET) refers to stm32f4xx_it.o(.text.PendSV_Handler) for PendSV_Handler
    startup_stm32f446xx.o(RESET) refers to stm32f4xx_it.o(.text.SysTick_Handler) for SysTick_Handler
    startup_stm32f446xx.o(RESET) refers to stm32f4xx_it.o(.text.EXTI15_10_IRQHandler) for EXTI15_10_IRQHandler
    startup_stm32f446xx.o(.text) refers (Special) to heapauxi.o(.text) for __use_two_region_memory
    startup_stm32f446xx.o(.text) refers to system_stm32f4xx.o(.text.SystemInit) for SystemInit
    startup_stm32f446xx.o(.text) refers to __main.o(!!!main) for __main
    startup_stm32f446xx.o(.text) refers to startup_stm32f446xx.o(HEAP) for Heap_Mem
    startup_stm32f446xx.o(.text) refers to startup_stm32f446xx.o(STACK) for Stack_Mem
    main.o(.text) refers (Special) to _printf_percent.o(.ARM.Collect$$_printf_percent$$00000000) for _printf_percent
    main.o(.text) refers (Special) to _printf_d.o(.ARM.Collect$$_printf_percent$$00000009) for _printf_d
    main.o(.text) refers (Special) to _printf_f.o(.ARM.Collect$$_printf_percent$$00000003) for _printf_f
    main.o(.text) refers (Special) to _printf_dec.o(.text) for _printf_int_dec
    main.o(.text) refers (Special) to printf1.o(x$fpl$printf1) for _printf_fp_dec
    main.o(.text.squareWave) refers (Special) to _printf_percent.o(.ARM.Collect$$_printf_percent$$00000000) for _printf_percent
    main.o(.text.squareWave) refers (Special) to _printf_d.o(.ARM.Collect$$_printf_percent$$00000009) for _printf_d
    main.o(.text.squareWave) refers (Special) to _printf_f.o(.ARM.Collect$$_printf_percent$$00000003) for _printf_f
    main.o(.text.squareWave) refers (Special) to _printf_dec.o(.text) for _printf_int_dec
    main.o(.text.squareWave) refers (Special) to printf1.o(x$fpl$printf1) for _printf_fp_dec
    main.o(.text.squareWave) refers to sin.o(i.__hardfp_sin) for __hardfp_sin
    main.o(.text.squareWave) refers to dmul.o(x$fpl$dmul) for __aeabi_dmul
    main.o(.text.squareWave) refers to daddsub_clz.o(x$fpl$dadd) for __aeabi_dadd
    main.o(.text.squareWave) refers to dflt_clz.o(x$fpl$dflt) for __aeabi_i2d
    main.o(.ARM.exidx.text.squareWave) refers (Special) to _printf_percent.o(.ARM.Collect$$_printf_percent$$00000000) for _printf_percent
    main.o(.ARM.exidx.text.squareWave) refers (Special) to _printf_d.o(.ARM.Collect$$_printf_percent$$00000009) for _printf_d
    main.o(.ARM.exidx.text.squareWave) refers (Special) to _printf_f.o(.ARM.Collect$$_printf_percent$$00000003) for _printf_f
    main.o(.ARM.exidx.text.squareWave) refers (Special) to _printf_dec.o(.text) for _printf_int_dec
    main.o(.ARM.exidx.text.squareWave) refers (Special) to printf1.o(x$fpl$printf1) for _printf_fp_dec
    main.o(.ARM.exidx.text.squareWave) refers to main.o(.text.squareWave) for [Anonymous Symbol]
    main.o(.text.sawTooth) refers (Special) to _printf_percent.o(.ARM.Collect$$_printf_percent$$00000000) for _printf_percent
    main.o(.text.sawTooth) refers (Special) to _printf_d.o(.ARM.Collect$$_printf_percent$$00000009) for _printf_d
    main.o(.text.sawTooth) refers (Special) to _printf_f.o(.ARM.Collect$$_printf_percent$$00000003) for _printf_f
    main.o(.text.sawTooth) refers (Special) to _printf_dec.o(.text) for _printf_int_dec
    main.o(.text.sawTooth) refers (Special) to printf1.o(x$fpl$printf1) for _printf_fp_dec
    main.o(.text.sawTooth) refers to sin.o(i.__hardfp_sin) for __hardfp_sin
    main.o(.text.sawTooth) refers to dmul.o(x$fpl$dmul) for __aeabi_dmul
    main.o(.text.sawTooth) refers to daddsub_clz.o(x$fpl$dadd) for __aeabi_dadd
    main.o(.text.sawTooth) refers to dflt_clz.o(x$fpl$dflt) for __aeabi_i2d
[...]
    stm32f4xx_hal_dma.c                      0x00000000   Number         0  stm32f4xx_hal_dma.o ABSOLUTE
    stm32f4xx_hal_dma_ex.c                   0x00000000   Number         0  stm32f4xx_hal_dma_ex.o ABSOLUTE
    stm32f4xx_hal_exti.c                     0x00000000   Number         0  stm32f4xx_hal_exti.o ABSOLUTE
    stm32f4xx_hal_flash.c                    0x00000000   Number         0  stm32f4xx_hal_flash.o ABSOLUTE
    stm32f4xx_hal_flash_ex.c                 0x00000000   Number         0  stm32f4xx_hal_flash_ex.o ABSOLUTE
    stm32f4xx_hal_flash_ramfunc.c            0x00000000   Number         0  stm32f4xx_hal_flash_ramfunc.o ABSOLUTE
    stm32f4xx_hal_gpio.c                     0x00000000   Number         0  stm32f4xx_hal_gpio.o ABSOLUTE
    stm32f4xx_hal_msp.c                      0x00000000   Number         0  stm32f4xx_hal_msp.o ABSOLUTE
    stm32f4xx_hal_pwr.c                      0x00000000   Number         0  stm32f4xx_hal_pwr.o ABSOLUTE
    stm32f4xx_hal_pwr_ex.c                   0x00000000   Number         0  stm32f4xx_hal_pwr_ex.o ABSOLUTE
    stm32f4xx_hal_rcc.c                      0x00000000   Number         0  stm32f4xx_hal_rcc.o ABSOLUTE
    stm32f4xx_hal_rcc_ex.c                   0x00000000   Number         0  stm32f4xx_hal_rcc_ex.o ABSOLUTE
    stm32f4xx_hal_tim.c                      0x00000000   Number         0  stm32f4xx_hal_tim.o ABSOLUTE
    stm32f4xx_hal_tim_ex.c                   0x00000000   Number         0  stm32f4xx_hal_tim_ex.o ABSOLUTE
    stm32f4xx_hal_usart.c                    0x00000000   Number         0  stm32f4xx_hal_usart.o ABSOLUTE
    stm32f4xx_it.c                           0x00000000   Number         0  stm32f4xx_it.o ABSOLUTE
    system_stm32f4xx.c                       0x00000000   Number         0  system_stm32f4xx.o ABSOLUTE
    RESET                                    0x08000000   Section      452  startup_stm32f446xx.o(RESET)
    !!!main                                  0x080001c4   Section        8  __main.o(!!!main)
    !!!scatter                               0x080001cc   Section       92  __scatter.o(!!!scatter)
    !!handler_copy                           0x08000228   Section       26  __scatter_copy.o(!!handler_copy)
    !!handler_null                           0x08000244   Section        2  __scatter.o(!!handler_null)
    !!handler_zi                             0x08000248   Section       28  __scatter_zi.o(!!handler_zi)
    .ARM.Collect$$_printf_percent$$00000000  0x08000264   Section        0  _printf_percent.o(.ARM.Collect$$_printf_percent$$00000000)
    .ARM.Collect$$_printf_percent$$00000003  0x08000264   Section        6  _printf_f.o(.ARM.Collect$$_printf_percent$$00000003)
    .ARM.Collect$$_printf_percent$$00000009  0x0800026a   Section        6  _printf_d.o(.ARM.Collect$$_printf_percent$$00000009)
    .ARM.Collect$$_printf_percent$$00000017  0x08000270   Section        4  _printf_percent_end.o(.ARM.Collect$$_printf_percent$$00000017)
    .ARM.Collect$$libinit$$00000000          0x08000274   Section        2  libinit.o(.ARM.Collect$$libinit$$00000000)
    .ARM.Collect$$libinit$$00000001          0x08000276   Section        4  libinit2.o(.ARM.Collect$$libinit$$00000001)
    .ARM.Collect$$libinit$$00000004          0x0800027a   Section        0  libinit2.o(.ARM.Collect$$libinit$$00000004)
    .ARM.Collect$$libinit$$00000006          0x0800027a   Section        0  libinit2.o(.ARM.Collect$$libinit$$00000006)
    .ARM.Collect$$libinit$$00000007          0x0800027a   Section        8  libinit2.o(.ARM.Collect$$libinit$$00000007)
    .ARM.Collect$$libinit$$0000000C          0x08000282   Section        0  libinit2.o(.ARM.Collect$$libinit$$0000000C)
    .ARM.Collect$$libinit$$0000000E          0x08000282   Section        0  libinit2.o(.ARM.Collect$$libinit$$0000000E)
    .ARM.Collect$$libinit$$00000010          0x08000282   Section        0  libinit2.o(.ARM.Collect$$libinit$$00000010)
    .ARM.Collect$$libinit$$00000011          0x08000282   Section        6  libinit2.o(.ARM.Collect$$libinit$$00000011)
    .ARM.Collect$$libinit$$00000013          0x08000288   Section        0  libinit2.o(.ARM.Collect$$libinit$$00000013)
    .ARM.Collect$$libinit$$00000015          0x08000288   Section        0  libinit2.o(.ARM.Collect$$libinit$$00000015)
    .ARM.Collect$$libinit$$00000017          0x08000288   Section        0  libinit2.o(.ARM.Collect$$libinit$$00000017)
    .ARM.Collect$$libinit$$00000018          0x08000288   Section       10  libinit2.o(.ARM.Collect$$libinit$$00000018)
    .ARM.Collect$$libinit$$00000019          0x08000292   Section        0  libinit2.o(.ARM.Collect$$libinit$$00000019)
    .ARM.Collect$$libinit$$0000001B          0x08000292   Section        0  libinit2.o(.ARM.Collect$$libinit$$0000001B)
    .ARM.Collect$$libinit$$0000001D          0x08000292   Section        0  libinit2.o(.ARM.Collect$$libinit$$0000001D)
    .ARM.Collect$$libinit$$0000001F          0x08000292   Section        0  libinit2.o(.ARM.Collect$$libinit$$0000001F)
    .ARM.Collect$$libinit$$00000021          0x08000292   Section        0  libinit2.o(.ARM.Collect$$libinit$$00000021)
    .ARM.Collect$$libinit$$00000023          0x08000292   Section        0  libinit2.o(.ARM.Collect$$libinit$$00000023)
    .ARM.Collect$$libinit$$00000025          0x08000292   Section        0  libinit2.o(.ARM.Collect$$libinit$$00000025)
    .ARM.Collect$$libinit$$00000027          0x08000292   Section        0  libinit2.o(.ARM.Collect$$libinit$$00000027)
    .ARM.Collect$$libinit$$0000002E          0x08000292   Section        0  libinit2.o(.ARM.Collect$$libinit$$0000002E)
    .ARM.Collect$$libinit$$00000030          0x08000292   Section        0  libinit2.o(.ARM.Collect$$libinit$$00000030)
    .ARM.Collect$$libinit$$00000032          0x08000292   Section        0  libinit2.o(.ARM.Collect$$libinit$$00000032)
    .ARM.Collect$$libinit$$00000034          0x08000292   Section        0  libinit2.o(.ARM.Collect$$libinit$$00000034)
    .ARM.Collect$$libinit$$00000035          0x08000292   Section        2  libinit2.o(.ARM.Collect$$libinit$$00000035)
    .ARM.Collect$$libshutdown$$00000000      0x08000294   Section        2  libshutdown.o(.ARM.Collect$$libshutdown$$00000000)
    .ARM.Collect$$libshutdown$$00000002      0x08000296   Section        0  libshutdown2.o(.ARM.Collect$$libshutdown$$00000002)
    .ARM.Collect$$libshutdown$$00000004      0x08000296   Section        0  libshutdown2.o(.ARM.Collect$$libshutdown$$00000004)
    .ARM.Collect$$libshutdown$$00000007      0x08000296   Section        0  libshutdown2.o(.ARM.Collect$$libshutdown$$00000007)
    .ARM.Collect$$libshutdown$$0000000A      0x08000296   Section        0  libshutdown2.o(.ARM.Collect$$libshutdown$$0000000A)
    .ARM.Collect$$libshutdown$$0000000C      0x08000296   Section        0  libshutdown2.o(.ARM.Collect$$libshutdown$$0000000C)
    .ARM.Collect$$libshutdown$$0000000F      0x08000296   Section        0  libshutdown2.o(.ARM.Collect$$libshutdown$$0000000F)
    .ARM.Collect$$libshutdown$$00000010      0x08000296   Section        2  libshutdown2.o(.ARM.Collect$$libshutdown$$00000010)
    .ARM.Collect$$rtentry$$00000000          0x08000298   Section        0  __rtentry.o(.ARM.Collect$$rtentry$$00000000)
    .ARM.Collect$$rtentry$$00000002          0x08000298   Section        0  __rtentry2.o(.ARM.Collect$$rtentry$$00000002)
    .ARM.Collect$$rtentry$$00000004          0x08000298   Section        6  __rtentry4.o(.ARM.Collect$$rtentry$$00000004)
    .ARM.Collect$$rtentry$$00000009          0x0800029e   Section        0  __rtentry2.o(.ARM.Collect$$rtentry$$00000009)
    .ARM.Collect$$rtentry$$0000000A          0x0800029e   Section        4  __rtentry2.o(.ARM.Collect$$rtentry$$0000000A)
    .ARM.Collect$$rtentry$$0000000C          0x080002a2   Section        0  __rtentry2.o(.ARM.Collect$$rtentry$$0000000C)
    .ARM.Collect$$rtentry$$0000000D          0x080002a2   Section        8  __rtentry2.o(.ARM.Collect$$rtentry$$0000000D)
    .ARM.Collect$$rtexit$$00000000           0x080002aa   Section        2  rtexit.o(.ARM.Collect$$rtexit$$00000000)
    .ARM.Collect$$rtexit$$00000002           0x080002ac   Section        0  rtexit2.o(.ARM.Collect$$rtexit$$00000002)
    .ARM.Collect$$rtexit$$00000003           0x080002ac   Section        4  rtexit2.o(.ARM.Collect$$rtexit$$00000003)
    .ARM.Collect$$rtexit$$00000004           0x080002b0   Section        6  rtexit2.o(.ARM.Collect$$rtexit$$00000004)
    $v0                                      0x080002b8   Number         0  startup_stm32f446xx.o(.text)
    .text                                    0x080002b8   Section       64  startup_stm32f446xx.o(.text)
    .text                                    0x080002f8   Section        0  h1_alloc.o(.text)
    .text                                    0x08000356   Section        0  h1_free.o(.text)
    .text                                    0x080003a4   Section      240  lludivv7m.o(.text)
    .text                                    0x08000494   Section        0  _printf_dec.o(.text)
    .text                                    0x0800050c   Section        0  strlen.o(.text)
    .text                                    0x0800054a   Section        0  heapauxi.o(.text)
    .text                                    0x08000550   Section        8  rt_heap_descriptor_intlibspace.o(.text)
    .text                                    0x08000558   Section        0  hguard.o(.text)
    .text                                    0x0800055c   Section        0  init_alloc.o(.text)
    .text                                    0x080005e6   Section        0  h1_init.o(.text)
    .text                                    0x080005f2   Section        0  _rserrno.o(.text)
    .text                                    0x08000608   Section        0  _printf_intcommon.o(.text)
    _fp_digits                               0x080006bb   Thumb Code   432  _printf_fp_dec.o(.text)
    .text                                    0x080006ba   Section        0  _printf_fp_dec.o(.text)
    .text                                    0x08000ad8   Section        8  libspace.o(.text)
    .text                                    0x08000ae0   Section        8  rt_locale_intlibspace.o(.text)
    .text                                    0x08000ae8   Section        8  rt_errno_addr_intlibspace.o(.text)
    .text                                    0x08000af0   Section        0  maybetermalloc1.o(.text)
    .text                                    0x08000af0   Section        0  h1_extend.o(.text)
    .text                                    0x08000b24   Section      138  lludiv10.o(.text)
    .text                                    0x08000bb0   Section        0  _printf_fp_infnan.o(.text)
    .text                                    0x08000c30   Section        0  bigflt0.o(.text)
    .text                                    0x08000d14   Section        0  defsig_rtmem_outer.o(.text)
    .text                                    0x08000d22   Section        2  use_no_semi.o(.text)
    .text                                    0x08000d24   Section        0  indicate_semi.o(.text)
    .text                                    0x08000d24   Section       74  sys_stackheap_outer.o(.text)
    .text                                    0x08000d6e   Section        0  exit.o(.text)
    .text                                    0x08000d80   Section        0  defsig_exit.o(.text)
    .text                                    0x08000d8c   Section        0  defsig_rtmem_inner.o(.text)
    .text                                    0x08000de0   Section      124  strcmpv7em.o(.text)
    .text                                    0x08000e5c   Section        0  sys_exit.o(.text)
    .text                                    0x08000e68   Section        0  defsig_general.o(.text)
    .text                                    0x08000e9a   Section        0  sys_wrch.o(.text)
    [Anonymous Symbol]                       0x08000ea8   Section        0  stm32f4xx_it.o(.text.BusFault_Handler)
    [Anonymous Symbol]                       0x08000eac   Section        0  stm32f4xx_it.o(.text.DebugMon_Handler)
    [Anonymous Symbol]                       0x08000eb0   Section        0  stm32f4xx_it.o(.text.EXTI15_10_IRQHandler)
    [Anonymous Symbol]                       0x08000ef0   Section        0  stm32f4xx_hal_dac.o(.text.HAL_DAC_ConfigChannel)
    [Anonymous Symbol]                       0x08000f40   Section        0  stm32f4xx_hal_dac.o(.text.HAL_DAC_Init)
    [Anonymous Symbol]                       0x08000f68   Section        0  stm32f4xx_hal_msp.o(.text.HAL_DAC_MspInit)
    [Anonymous Symbol]                       0x08000fcc   Section        0  stm32f4xx_hal_dac.o(.text.HAL_DAC_SetValue)
    [Anonymous Symbol]                       0x08000ff4   Section        0  stm32f4xx_hal_dac.o(.text.HAL_DAC_Start)
    [Anonymous Symbol]                       0x08001050   Section        0  stm32f4xx_hal.o(.text.HAL_Delay)
    [Anonymous Symbol]                       0x08001078   Section        0  stm32f4xx_hal_gpio.o(.text.HAL_GPIO_EXTI_Callback)
    [Anonymous Symbol]                       0x0800107c   Section        0  stm32f4xx_hal_gpio.o(.text.HAL_GPIO_EXTI_IRQHandler)
    [Anonymous Symbol]                       0x08001094   Section        0  stm32f4xx_hal_gpio.o(.text.HAL_GPIO_Init)
    [Anonymous Symbol]                       0x08001234   Section        0  stm32f4xx_hal_gpio.o(.text.HAL_GPIO_TogglePin)
    [Anonymous Symbol]                       0x08001244   Section        0  stm32f4xx_hal_gpio.o(.text.HAL_GPIO_WritePin)
    [Anonymous Symbol]                       0x08001250   Section        0  stm32f4xx_hal.o(.text.HAL_GetTick)
    [Anonymous Symbol]                       0x0800125c   Section        0  stm32f4xx_hal.o(.text.HAL_IncTick)
    [Anonymous Symbol]                       0x08001278   Section        0  stm32f4xx_hal.o(.text.HAL_Init)
    [Anonymous Symbol]                       0x080012b0   Section        0  stm32f4xx_hal.o(.text.HAL_InitTick)
    [Anonymous Symbol]                       0x080012f8   Section        0  stm32f4xx_hal_msp.o(.text.HAL_MspInit)
    [Anonymous Symbol]                       0x08001330   Section        0  stm32f4xx_hal_cortex.o(.text.HAL_NVIC_EnableIRQ)
    [Anonymous Symbol]                       0x08001354   Section        0  stm32f4xx_hal_cortex.o(.text.HAL_NVIC_SetPriority)
    [Anonymous Symbol]                       0x080013ac   Section        0  stm32f4xx_hal_cortex.o(.text.HAL_NVIC_SetPriorityGrouping)
    [Anonymous Symbol]                       0x080013cc   Section        0  stm32f4xx_hal_rcc.o(.text.HAL_RCC_ClockConfig)
    [Anonymous Symbol]                       0x08001530   Section        0  stm32f4xx_hal_rcc.o(.text.HAL_RCC_GetPCLK1Freq)
    [Anonymous Symbol]                       0x08001558   Section        0  stm32f4xx_hal_rcc.o(.text.HAL_RCC_GetPCLK2Freq)
    [Anonymous Symbol]                       0x08001580   Section        0  stm32f4xx_hal_rcc_ex.o(.text.HAL_RCC_GetSysClockFreq)
    [Anonymous Symbol]                       0x08001624   Section        0  stm32f4xx_hal_rcc_ex.o(.text.HAL_RCC_OscConfig)
    [Anonymous Symbol]                       0x08001a04   Section        0  stm32f4xx_hal_cortex.o(.text.HAL_SYSTICK_Config)
    [Anonymous Symbol]                       0x08001a30   Section        0  stm32f4xx_hal_tim_ex.o(.text.HAL_TIMEx_MasterConfigSynchronization)
    [Anonymous Symbol]                       0x08001aec   Section        0  stm32f4xx_hal_tim.o(.text.HAL_TIM_Base_Init)
    [Anonymous Symbol]                       0x08001b48   Section        0  stm32f4xx_hal_msp.o(.text.HAL_TIM_Base_MspInit)
    [Anonymous Symbol]                       0x08001b7c   Section        0  stm32f4xx_hal_tim.o(.text.HAL_TIM_Base_Start)
    [Anonymous Symbol]                       0x08001c20   Section        0  stm32f4xx_hal_usart.o(.text.HAL_USART_Init)
    [Anonymous Symbol]                       0x08001d1c   Section        0  stm32f4xx_hal_msp.o(.text.HAL_USART_MspInit)
    [Anonymous Symbol]                       0x08001dc4   Section        0  stm32f4xx_hal_usart.o(.text.HAL_USART_Transmit)
    [Anonymous Symbol]                       0x08001f6c   Section        0  stm32f4xx_it.o(.text.HardFault_Handler)
    [Anonymous Symbol]                       0x08001f70   Section        0  config.o(.text.MX_DAC_Init)
    [Anonymous Symbol]                       0x08001fbc   Section        0  config.o(.text.MX_GPIO_Init)
    [Anonymous Symbol]                       0x08002108   Section        0  config.o(.text.MX_TIM6_Init)
    [Anonymous Symbol]                       0x08002160   Section        0  config.o(.text.MX_USART3_Init)
    [Anonymous Symbol]                       0x080021a0   Section        0  stm32f4xx_it.o(.text.MemManage_Handler)
    [Anonymous Symbol]                       0x080021a4   Section        0  stm32f4xx_it.o(.text.NMI_Handler)
    [Anonymous Symbol]                       0x080021a8   Section        0  stm32f4xx_it.o(.text.PendSV_Handler)
    [Anonymous Symbol]                       0x080021ac   Section        0  stm32f4xx_it.o(.text.SVC_Handler)
    [Anonymous Symbol]                       0x080021b0   Section        0  stm32f4xx_it.o(.text.SysTick_Handler)
    [Anonymous Symbol]                       0x080021b4   Section        0  config.o(.text.SystemClock_Config)
    [Anonymous Symbol]                       0x08002264   Section        0  system_stm32f4xx.o(.text.SystemInit)
    [Anonymous Symbol]                       0x08002278   Section        0  stm32f4xx_hal_tim.o(.text.TIM_Base_SetConfig)
    [Anonymous Symbol]                       0x080023b4   Section        0  stm32f4xx_it.o(.text.UsageFault_Handler)
    [Anonymous Symbol]                       0x080023b8   Section        0  main.o(.text.main)
    [Anonymous Symbol]                       0x08002648   Section        0  config.o(.text.print_msg)
    CL$$btod_d2e                             0x08002666   Section       62  btod.o(CL$$btod_d2e)
    CL$$btod_d2e_denorm_low                  0x080026a4   Section       70  btod.o(CL$$btod_d2e_denorm_low)
    CL$$btod_d2e_norm_op1                    0x080026ea   Section       96  btod.o(CL$$btod_d2e_norm_op1)
    CL$$btod_div_common                      0x0800274c   Section      824  btod.o(CL$$btod_div_common)
    CL$$btod_e2e                             0x08002a84   Section      220  btod.o(CL$$btod_e2e)
    CL$$btod_ediv                            0x08002b60   Section       42  btod.o(CL$$btod_ediv)
    CL$$btod_emul                            0x08002b8a   Section       42  btod.o(CL$$btod_emul)
    CL$$btod_mult_common                     0x08002bb4   Section      580  btod.o(CL$$btod_mult_common)
    i.__ARM_fpclassify                       0x08002df8   Section        0  fpclassify.o(i.__ARM_fpclassify)
    i.__hardfp_sin                           0x08002e28   Section        0  sin.o(i.__hardfp_sin)
    i.__ieee754_rem_pio2                     0x08002ef0   Section        0  rred.o(i.__ieee754_rem_pio2)
    i.__kernel_cos                           0x08003328   Section        0  cos_i.o(i.__kernel_cos)
    i.__kernel_poly                          0x08003498   Section        0  poly.o(i.__kernel_poly)
    i.__kernel_sin                           0x08003590   Section        0  sin_i.o(i.__kernel_sin)
    i.__mathlib_dbl_infnan                   0x080036c0   Section        0  dunder.o(i.__mathlib_dbl_infnan)
    i.__mathlib_dbl_invalid                  0x080036d8   Section        0  dunder.o(i.__mathlib_dbl_invalid)
    i.__mathlib_dbl_underflow                0x080036f8   Section        0  dunder.o(i.__mathlib_dbl_underflow)
    i.fabs                                   0x08003718   Section        0  fabs.o(i.fabs)
    locale$$code                             0x08003730   Section       44  lc_numeric_c.o(locale$$code)
    $v0                                      0x0800375c   Number         0  basic.o(x$fpl$basic)
    x$fpl$basic                              0x0800375c   Section       24  basic.o(x$fpl$basic)
    $v0                                      0x08003774   Number         0  daddsub_clz.o(x$fpl$dadd)
    x$fpl$dadd                               0x08003774   Section      336  daddsub_clz.o(x$fpl$dadd)
    _dadd1                                   0x08003785   Thumb Code     0  daddsub_clz.o(x$fpl$dadd)
    $v0                                      0x080038c4   Number         0  ddiv.o(x$fpl$ddiv)
    x$fpl$ddiv                               0x080038c4   Section      692  ddiv.o(x$fpl$ddiv)
    ddiv_entry                               0x080038cb   Thumb Code     0  ddiv.o(x$fpl$ddiv)
    $v0                                      0x08003b78   Number         0  dfix.o(x$fpl$dfix)
    x$fpl$dfix                               0x08003b78   Section       94  dfix.o(x$fpl$dfix)
    $v0                                      0x08003bd8   Number         0  dfixu.o(x$fpl$dfixu)
    x$fpl$dfixu                              0x08003bd8   Section       90  dfixu.o(x$fpl$dfixu)
    $v0                                      0x08003c32   Number         0  dflt_clz.o(x$fpl$dflt)
    x$fpl$dflt                               0x08003c32   Section       46  dflt_clz.o(x$fpl$dflt)
    $v0                                      0x08003c60   Number         0  dflt_clz.o(x$fpl$dfltu)
    x$fpl$dfltu                              0x08003c60   Section       38  dflt_clz.o(x$fpl$dfltu)
    $v0                                      0x08003c88   Number         0  dmul.o(x$fpl$dmul)
    x$fpl$dmul                               0x08003c88   Section      340  dmul.o(x$fpl$dmul)
    $v0                                      0x08003ddc   Number         0  dnaninf.o(x$fpl$dnaninf)
    x$fpl$dnaninf                            0x08003ddc   Section      156  dnaninf.o(x$fpl$dnaninf)
    $v0                                      0x08003e78   Number         0  dretinf.o(x$fpl$dretinf)
    x$fpl$dretinf                            0x08003e78   Section       12  dretinf.o(x$fpl$dretinf)
    $v0                                      0x08003e84   Number         0  daddsub_clz.o(x$fpl$drsb)
    x$fpl$drsb                               0x08003e84   Section       22  daddsub_clz.o(x$fpl$drsb)
    $v0                                      0x08003e9c   Number         0  daddsub_clz.o(x$fpl$dsub)
    x$fpl$dsub                               0x08003e9c   Section      476  daddsub_clz.o(x$fpl$dsub)
    _dsub1                                   0x08003ead   Thumb Code     0  daddsub_clz.o(x$fpl$dsub)
    $v0                                      0x08004078   Number         0  fpinit.o(x$fpl$fpinit)
    x$fpl$fpinit                             0x08004078   Section       26  fpinit.o(x$fpl$fpinit)
    $v0                                      0x08004092   Number         0  printf1.o(x$fpl$printf1)
    x$fpl$printf1                            0x08004092   Section        4  printf1.o(x$fpl$printf1)
    x$fpl$usenofp                            0x08004096   Section        0  usenofp.o(x$fpl$usenofp)
    C                                        0x08004098   Data          48  cos_i.o(.constdata)
    .constdata                               0x08004098   Section       48  cos_i.o(.constdata)
    pio2s                                    0x080040c8   Data          48  rred.o(.constdata)
    .constdata                               0x080040c8   Section      204  rred.o(.constdata)
    twooverpi                                0x080040f8   Data         156  rred.o(.constdata)
    S                                        0x08004198   Data          40  sin_i.o(.constdata)
    .constdata                               0x08004198   Section       40  sin_i.o(.constdata)
    tenpwrs_x                                0x080041c0   Data          60  bigflt0.o(.constdata)
    .constdata                               0x080041c0   Section      148  bigflt0.o(.constdata)
    tenpwrs_i                                0x080041fc   Data          64  bigflt0.o(.constdata)
    locale$$data                             0x0800428c   Section       28  lc_numeric_c.o(locale$$data)
    __lcnum_c_name                           0x08004290   Data           2  lc_numeric_c.o(locale$$data)
    __lcnum_c_start                          0x08004298   Data           0  lc_numeric_c.o(locale$$data)
    __lcnum_c_point                          0x080042a4   Data           0  lc_numeric_c.o(locale$$data)
    __lcnum_c_thousands                      0x080042a6   Data           0  lc_numeric_c.o(locale$$data)
    __lcnum_c_grouping                       0x080042a7   Data           0  lc_numeric_c.o(locale$$data)
    __lcnum_c_end                            0x080042a8   Data           0  lc_numeric_c.o(locale$$data)
    .L_MergedGlobals                         0x20000000   Data           8  stm32f4xx_hal.o(.data..L_MergedGlobals)
    [Anonymous Symbol]                       0x20000000   Section        0  stm32f4xx_hal.o(.data..L_MergedGlobals)
    .bss                                     0x20000010   Section       96  libspace.o(.bss)
    Heap_Mem                                 0x20000118   Data         512  startup_stm32f446xx.o(HEAP)
    HEAP                                     0x20000118   Section      512  startup_stm32f446xx.o(HEAP)
    Stack_Mem                                0x20000318   Data        1024  startup_stm32f446xx.o(STACK)
    STACK                                    0x20000318   Section     1024  startup_stm32f446xx.o(STACK)
    __initial_sp                             0x20000718   Data           0  startup_stm32f446xx.o(STACK)

    Global Symbols

    Symbol Name                              Value     Ov Type        Size  Object(Section)

    BuildAttributes$$THM_ISAv4$E$P$D$K$B$S$7EM$VFPi3$EXTD16$VFPS$VFMA$PE$A:L22UL41UL21$X:L11$S22US41US21$IEEE1$IW$~IW$USESV6$~STKCKD$USESV7$~SHL$OTIME$ROPI$IEEEX$EBA8$UX$STANDARDLIB$REQ8$PRES8$EABIv2 0x00000000   Number         0  anon$$obj.o ABSOLUTE
    __ARM_exceptions_init                     - Undefined Weak Reference
    __alloca_initialize                       - Undefined Weak Reference
    __arm_preinit_                            - Undefined Weak Reference
    __arm_relocate_pie_                       - Undefined Weak Reference
    __cpp_initialize__aeabi_                  - Undefined Weak Reference
    __cxa_finalize                            - Undefined Weak Reference
    __sigvec_lookup                           - Undefined Weak Reference
    __user_heap_extent                        - Undefined Weak Reference
    _atexit_init                              - Undefined Weak Reference
    _call_atexit_fns                          - Undefined Weak Reference
    _clock_init                               - Undefined Weak Reference
    _fp_trap_init                             - Undefined Weak Reference
    _fp_trap_shutdown                         - Undefined Weak Reference
    _get_lc_collate                           - Undefined Weak Reference
    _get_lc_ctype                             - Undefined Weak Reference
    _get_lc_monetary                          - Undefined Weak Reference
    _get_lc_time                              - Undefined Weak Reference
    _getenv_init                              - Undefined Weak Reference
    _handle_redirection                       - Undefined Weak Reference
    _mutex_acquire                            - Undefined Weak Reference
    _mutex_free                               - Undefined Weak Reference
    _mutex_release                            - Undefined Weak Reference
    _printf_post_padding                      - Undefined Weak Reference
    _printf_pre_padding                       - Undefined Weak Reference
    _printf_truncate_signed                   - Undefined Weak Reference
    _printf_truncate_unsigned                 - Undefined Weak Reference
    _rand_init                                - Undefined Weak Reference
    _signal_finish                            - Undefined Weak Reference
    _signal_init                              - Undefined Weak Reference
    __Vectors_Size                           0x000001c4   Number         0  startup_stm32f446xx.o ABSOLUTE
    __Vectors                                0x08000000   Data           4  startup_stm32f446xx.o(RESET)
    __Vectors_End                            0x080001c4   Data           0  startup_stm32f446xx.o(RESET)
    __main                                   0x080001c5   Thumb Code     8  __main.o(!!!main)
    __scatterload                            0x080001cd   Thumb Code     0  __scatter.o(!!!scatter)
    __scatterload_rt2                        0x080001cd   Thumb Code    84  __scatter.o(!!!scatter)
    __scatterload_rt2_thumb_only             0x080001cd   Thumb Code     0  __scatter.o(!!!scatter)
    __scatterload_loop                       0x080001d7   Thumb Code     0  __scatter.o(!!!scatter)
    __scatterload_copy                       0x08000229   Thumb Code    26  __scatter_copy.o(!!handler_copy)
    __scatterload_null                       0x08000245   Thumb Code     2  __scatter.o(!!handler_null)
    __scatterload_zeroinit                   0x08000249   Thumb Code    28  __scatter_zi.o(!!handler_zi)
    _printf_f                                0x08000265   Thumb Code     0  _printf_f.o(.ARM.Collect$$_printf_percent$$00000003)
    _printf_percent                          0x08000265   Thumb Code     0  _printf_percent.o(.ARM.Collect$$_printf_percent$$00000000)
    _printf_d                                0x0800026b   Thumb Code     0  _printf_d.o(.ARM.Collect$$_printf_percent$$00000009)
    _printf_percent_end                      0x08000271   Thumb Code     0  _printf_percent_end.o(.ARM.Collect$$_printf_percent$$00000017)
    __rt_lib_init                            0x08000275   Thumb Code     0  libinit.o(.ARM.Collect$$libinit$$00000000)
    __rt_lib_init_fp_1                       0x08000277   Thumb Code     0  libinit2.o(.ARM.Collect$$libinit$$00000001)
    __rt_lib_init_heap_2                     0x0800027b   Thumb Code     0  libinit2.o(.ARM.Collect$$libinit$$00000007)
    __rt_lib_init_preinit_1                  0x0800027b   Thumb Code     0  libinit2.o(.ARM.Collect$$libinit$$00000006)
    __rt_lib_init_relocate_pie_1             0x0800027b   Thumb Code     0  libinit2.o(.ARM.Collect$$libinit$$00000004)
    __rt_lib_init_heap_1                     0x08000283   Thumb Code     0  libinit2.o(.ARM.Collect$$libinit$$0000000C)
    __rt_lib_init_lc_common                  0x08000283   Thumb Code     0  libinit2.o(.ARM.Collect$$libinit$$00000011)
    __rt_lib_init_rand_1                     0x08000283   Thumb Code     0  libinit2.o(.ARM.Collect$$libinit$$00000010)
    __rt_lib_init_user_alloc_1               0x08000283   Thumb Code     0  libinit2.o(.ARM.Collect$$libinit$$0000000E)
    __rt_lib_init_lc_collate_1               0x08000289   Thumb Code     0  libinit2.o(.ARM.Collect$$libinit$$00000013)
    __rt_lib_init_lc_ctype_1                 0x08000289   Thumb Code     0  libinit2.o(.ARM.Collect$$libinit$$00000015)
    __rt_lib_init_lc_monetary_1              0x08000289   Thumb Code     0  libinit2.o(.ARM.Collect$$libinit$$00000017)
    __rt_lib_init_lc_numeric_2               0x08000289   Thumb Code     0  libinit2.o(.ARM.Collect$$libinit$$00000018)
    __rt_lib_init_alloca_1                   0x08000293   Thumb Code     0  libinit2.o(.ARM.Collect$$libinit$$00000030)
    __rt_lib_init_argv_1                     0x08000293   Thumb Code     0  libinit2.o(.ARM.Collect$$libinit$$0000002E)
    __rt_lib_init_atexit_1                   0x08000293   Thumb Code     0  libinit2.o(.ARM.Collect$$libinit$$0000001D)
    __rt_lib_init_clock_1                    0x08000293   Thumb Code     0  libinit2.o(.ARM.Collect$$libinit$$00000023)
    __rt_lib_init_cpp_1                      0x08000293   Thumb Code     0  libinit2.o(.ARM.Collect$$libinit$$00000034)
    __rt_lib_init_exceptions_1               0x08000293   Thumb Code     0  libinit2.o(.ARM.Collect$$libinit$$00000032)
    __rt_lib_init_fp_trap_1                  0x08000293   Thumb Code     0  libinit2.o(.ARM.Collect$$libinit$$00000021)
    __rt_lib_init_getenv_1                   0x08000293   Thumb Code     0  libinit2.o(.ARM.Collect$$libinit$$00000025)
    __rt_lib_init_lc_numeric_1               0x08000293   Thumb Code     0  libinit2.o(.ARM.Collect$$libinit$$00000019)
    __rt_lib_init_lc_time_1                  0x08000293   Thumb Code     0  libinit2.o(.ARM.Collect$$libinit$$0000001B)
    __rt_lib_init_return                     0x08000293   Thumb Code     0  libinit2.o(.ARM.Collect$$libinit$$00000035)
    __rt_lib_init_signal_1                   0x08000293   Thumb Code     0  libinit2.o(.ARM.Collect$$libinit$$0000001F)
    __rt_lib_init_stdio_1                    0x08000293   Thumb Code     0  libinit2.o(.ARM.Collect$$libinit$$00000027)
    __rt_lib_shutdown                        0x08000295   Thumb Code     0  libshutdown.o(.ARM.Collect$$libshutdown$$00000000)
    __rt_lib_shutdown_cpp_1                  0x08000297   Thumb Code     0  libshutdown2.o(.ARM.Collect$$libshutdown$$00000002)
    __rt_lib_shutdown_fp_trap_1              0x08000297   Thumb Code     0  libshutdown2.o(.ARM.Collect$$libshutdown$$00000007)
    __rt_lib_shutdown_heap_1                 0x08000297   Thumb Code     0  libshutdown2.o(.ARM.Collect$$libshutdown$$0000000F)
    __rt_lib_shutdown_return                 0x08000297   Thumb Code     0  libshutdown2.o(.ARM.Collect$$libshutdown$$00000010)
    __rt_lib_shutdown_signal_1               0x08000297   Thumb Code     0  libshutdown2.o(.ARM.Collect$$libshutdown$$0000000A)
    __rt_lib_shutdown_stdio_1                0x08000297   Thumb Code     0  libshutdown2.o(.ARM.Collect$$libshutdown$$00000004)
    __rt_lib_shutdown_user_alloc_1           0x08000297   Thumb Code     0  libshutdown2.o(.ARM.Collect$$libshutdown$$0000000C)
    __rt_entry                               0x08000299   Thumb Code     0  __rtentry.o(.ARM.Collect$$rtentry$$00000000)
    __rt_entry_presh_1                       0x08000299   Thumb Code     0  __rtentry2.o(.ARM.Collect$$rtentry$$00000002)
    __rt_entry_sh                            0x08000299   Thumb Code     0  __rtentry4.o(.ARM.Collect$$rtentry$$00000004)
    __rt_entry_li                            0x0800029f   Thumb Code     0  __rtentry2.o(.ARM.Collect$$rtentry$$0000000A)
    __rt_entry_postsh_1                      0x0800029f   Thumb Code     0  __rtentry2.o(.ARM.Collect$$rtentry$$00000009)
    __rt_entry_main                          0x080002a3   Thumb Code     0  __rtentry2.o(.ARM.Collect$$rtentry$$0000000D)
    __rt_entry_postli_1                      0x080002a3   Thumb Code     0  __rtentry2.o(.ARM.Collect$$rtentry$$0000000C)
    __rt_exit                                0x080002ab   Thumb Code     0  rtexit.o(.ARM.Collect$$rtexit$$00000000)
    __rt_exit_ls                             0x080002ad   Thumb Code     0  rtexit2.o(.ARM.Collect$$rtexit$$00000003)
    __rt_exit_prels_1                        0x080002ad   Thumb Code     0  rtexit2.o(.ARM.Collect$$rtexit$$00000002)
    __rt_exit_exit                           0x080002b1   Thumb Code     0  rtexit2.o(.ARM.Collect$$rtexit$$00000004)
    Reset_Handler                            0x080002b9   Thumb Code     8  startup_stm32f446xx.o(.text)
    ADC_IRQHandler                           0x080002d3   Thumb Code     0  startup_stm32f446xx.o(.text)
    CAN1_RX0_IRQHandler                      0x080002d3   Thumb Code     0  startup_stm32f446xx.o(.text)
    CAN1_RX1_IRQHandler                      0x080002d3   Thumb Code     0  startup_stm32f446xx.o(.text)
    CAN1_SCE_IRQHandler                      0x080002d3   Thumb Code     0  startup_stm32f446xx.o(.text)
    CAN1_TX_IRQHandler                       0x080002d3   Thumb Code     0  startup_stm32f446xx.o(.text)
    CAN2_RX0_IRQHandler                      0x080002d3   Thumb Code     0  startup_stm32f446xx.o(.text)
    CAN2_RX1_IRQHandler                      0x080002d3   Thumb Code     0  startup_stm32f446xx.o(.text)
    CAN2_SCE_IRQHandler                      0x080002d3   Thumb Code     0  startup_stm32f446xx.o(.text)
    CAN2_TX_IRQHandler                       0x080002d3   Thumb Code     0  startup_stm32f446xx.o(.text)
    CEC_IRQHandler                           0x080002d3   Thumb Code     0  startup_stm32f446xx.o(.text)
    DCMI_IRQHandler                          0x080002d3   Thumb Code     0  startup_stm32f446xx.o(.text)
    DMA1_Stream0_IRQHandler                  0x080002d3   Thumb Code     0  startup_stm32f446xx.o(.text)
    DMA1_Stream1_IRQHandler                  0x080002d3   Thumb Code     0  startup_stm32f446xx.o(.text)
    DMA1_Stream2_IRQHandler                  0x080002d3   Thumb Code     0  startup_stm32f446xx.o(.text)
    DMA1_Stream3_IRQHandler                  0x080002d3   Thumb Code     0  startup_stm32f446xx.o(.text)
    DMA1_Stream4_IRQHandler                  0x080002d3   Thumb Code     0  startup_stm32f446xx.o(.text)
    DMA1_Stream5_IRQHandler                  0x080002d3   Thumb Code     0  startup_stm32f446xx.o(.text)
    DMA1_Stream6_IRQHandler                  0x080002d3   Thumb Code     0  startup_stm32f446xx.o(.text)
    DMA1_Stream7_IRQHandler                  0x080002d3   Thumb Code     0  startup_stm32f446xx.o(.text)
    DMA2_Stream0_IRQHandler                  0x080002d3   Thumb Code     0  startup_stm32f446xx.o(.text)
    DMA2_Stream1_IRQHandler                  0x080002d3   Thumb Code     0  startup_stm32f446xx.o(.text)
    DMA2_Stream2_IRQHandler                  0x080002d3   Thumb Code     0  startup_stm32f446xx.o(.text)
    DMA2_Stream3_IRQHandler                  0x080002d3   Thumb Code     0  startup_stm32f446xx.o(.text)
    DMA2_Stream4_IRQHandler                  0x080002d3   Thumb Code     0  startup_stm32f446xx.o(.text)
    DMA2_Stream5_IRQHandler                  0x080002d3   Thumb Code     0  startup_stm32f446xx.o(.text)
    DMA2_Stream6_IRQHandler                  0x080002d3   Thumb Code     0  startup_stm32f446xx.o(.text)
    DMA2_Stream7_IRQHandler                  0x080002d3   Thumb Code     0  startup_stm32f446xx.o(.text)
    EXTI0_IRQHandler                         0x080002d3   Thumb Code     0  startup_stm32f446xx.o(.text)
    EXTI1_IRQHandler                         0x080002d3   Thumb Code     0  startup_stm32f446xx.o(.text)
    EXTI2_IRQHandler                         0x080002d3   Thumb Code     0  startup_stm32f446xx.o(.text)
    EXTI3_IRQHandler                         0x080002d3   Thumb Code     0  startup_stm32f446xx.o(.text)
    EXTI4_IRQHandler                         0x080002d3   Thumb Code     0  startup_stm32f446xx.o(.text)
    EXTI9_5_IRQHandler                       0x080002d3   Thumb Code     0  startup_stm32f446xx.o(.text)
    FLASH_IRQHandler                         0x080002d3   Thumb Code     0  startup_stm32f446xx.o(.text)
    FMC_IRQHandler                           0x080002d3   Thumb Code     0  startup_stm32f446xx.o(.text)
    FMPI2C1_ER_IRQHandler                    0x080002d3   Thumb Code     0  startup_stm32f446xx.o(.text)
    FMPI2C1_EV_IRQHandler                    0x080002d3   Thumb Code     0  startup_stm32f446xx.o(.text)
    FPU_IRQHandler                           0x080002d3   Thumb Code     0  startup_stm32f446xx.o(.text)
    I2C1_ER_IRQHandler                       0x080002d3   Thumb Code     0  startup_stm32f446xx.o(.text)
    I2C1_EV_IRQHandler                       0x080002d3   Thumb Code     0  startup_stm32f446xx.o(.text)
    I2C2_ER_IRQHandler                       0x080002d3   Thumb Code     0  startup_stm32f446xx.o(.text)
    I2C2_EV_IRQHandler                       0x080002d3   Thumb Code     0  startup_stm32f446xx.o(.text)
    I2C3_ER_IRQHandler                       0x080002d3   Thumb Code     0  startup_stm32f446xx.o(.text)
    I2C3_EV_IRQHandler                       0x080002d3   Thumb Code     0  startup_stm32f446xx.o(.text)
    OTG_FS_IRQHandler                        0x080002d3   Thumb Code     0  startup_stm32f446xx.o(.text)
    OTG_FS_WKUP_IRQHandler                   0x080002d3   Thumb Code     0  startup_stm32f446xx.o(.text)
    OTG_HS_EP1_IN_IRQHandler                 0x080002d3   Thumb Code     0  startup_stm32f446xx.o(.text)
    OTG_HS_EP1_OUT_IRQHandler                0x080002d3   Thumb Code     0  startup_stm32f446xx.o(.text)
    OTG_HS_IRQHandler                        0x080002d3   Thumb Code     0  startup_stm32f446xx.o(.text)
    OTG_HS_WKUP_IRQHandler                   0x080002d3   Thumb Code     0  startup_stm32f446xx.o(.text)
    PVD_IRQHandler                           0x080002d3   Thumb Code     0  startup_stm32f446xx.o(.text)
    QUADSPI_IRQHandler                       0x080002d3   Thumb Code     0  startup_stm32f446xx.o(.text)
    RCC_IRQHandler                           0x080002d3   Thumb Code     0  startup_stm32f446xx.o(.text)
    RTC_Alarm_IRQHandler                     0x080002d3   Thumb Code     0  startup_stm32f446xx.o(.text)
    RTC_WKUP_IRQHandler                      0x080002d3   Thumb Code     0  startup_stm32f446xx.o(.text)
    SAI1_IRQHandler                          0x080002d3   Thumb Code     0  startup_stm32f446xx.o(.text)
    SAI2_IRQHandler                          0x080002d3   Thumb Code     0  startup_stm32f446xx.o(.text)
    SDIO_IRQHandler                          0x080002d3   Thumb Code     0  startup_stm32f446xx.o(.text)
    SPDIF_RX_IRQHandler                      0x080002d3   Thumb Code     0  startup_stm32f446xx.o(.text)
    SPI1_IRQHandler                          0x080002d3   Thumb Code     0  startup_stm32f446xx.o(.text)
    SPI2_IRQHandler                          0x080002d3   Thumb Code     0  startup_stm32f446xx.o(.text)
    SPI3_IRQHandler                          0x080002d3   Thumb Code     0  startup_stm32f446xx.o(.text)
    SPI4_IRQHandler                          0x080002d3   Thumb Code     0  startup_stm32f446xx.o(.text)
    TAMP_STAMP_IRQHandler                    0x080002d3   Thumb Code     0  startup_stm32f446xx.o(.text)
    TIM1_BRK_TIM9_IRQHandler                 0x080002d3   Thumb Code     0  startup_stm32f446xx.o(.text)
    TIM1_CC_IRQHandler                       0x080002d3   Thumb Code     0  startup_stm32f446xx.o(.text)
    TIM1_TRG_COM_TIM11_IRQHandler            0x080002d3   Thumb Code     0  startup_stm32f446xx.o(.text)
    TIM1_UP_TIM10_IRQHandler                 0x080002d3   Thumb Code     0  startup_stm32f446xx.o(.text)
    TIM2_IRQHandler                          0x080002d3   Thumb Code     0  startup_stm32f446xx.o(.text)
    TIM3_IRQHandler                          0x080002d3   Thumb Code     0  startup_stm32f446xx.o(.text)
    TIM4_IRQHandler                          0x080002d3   Thumb Code     0  startup_stm32f446xx.o(.text)
    TIM5_IRQHandler                          0x080002d3   Thumb Code     0  startup_stm32f446xx.o(.text)
    TIM6_DAC_IRQHandler                      0x080002d3   Thumb Code     0  startup_stm32f446xx.o(.text)
    TIM7_IRQHandler                          0x080002d3   Thumb Code     0  startup_stm32f446xx.o(.text)
    TIM8_BRK_TIM12_IRQHandler                0x080002d3   Thumb Code     0  startup_stm32f446xx.o(.text)
    TIM8_CC_IRQHandler                       0x080002d3   Thumb Code     0  startup_stm32f446xx.o(.text)
    TIM8_TRG_COM_TIM14_IRQHandler            0x080002d3   Thumb Code     0  startup_stm32f446xx.o(.text)
    TIM8_UP_TIM13_IRQHandler                 0x080002d3   Thumb Code     0  startup_stm32f446xx.o(.text)
    UART4_IRQHandler                         0x080002d3   Thumb Code     0  startup_stm32f446xx.o(.text)
    UART5_IRQHandler                         0x080002d3   Thumb Code     0  startup_stm32f446xx.o(.text)
    USART1_IRQHandler                        0x080002d3   Thumb Code     0  startup_stm32f446xx.o(.text)
    USART2_IRQHandler                        0x080002d3   Thumb Code     0  startup_stm32f446xx.o(.text)
    USART3_IRQHandler                        0x080002d3   Thumb Code     0  startup_stm32f446xx.o(.text)
    USART6_IRQHandler                        0x080002d3   Thumb Code     0  startup_stm32f446xx.o(.text)
    WWDG_IRQHandler                          0x080002d3   Thumb Code     0  startup_stm32f446xx.o(.text)
    __user_initial_stackheap                 0x080002d5   Thumb Code     0  startup_stm32f446xx.o(.text)
    malloc                                   0x080002f9   Thumb Code    94  h1_alloc.o(.text)
    free                                     0x08000357   Thumb Code    78  h1_free.o(.text)
    __aeabi_uldivmod                         0x080003a5   Thumb Code     0  lludivv7m.o(.text)
    _ll_udiv                                 0x080003a5   Thumb Code   240  lludivv7m.o(.text)
    _printf_int_dec                          0x08000495   Thumb Code   104  _printf_dec.o(.text)
    strlen                                   0x0800050d   Thumb Code    62  strlen.o(.text)
    __use_two_region_memory                  0x0800054b   Thumb Code     2  heapauxi.o(.text)
    __rt_heap_escrow                         0x0800054d   Thumb Code     2  heapauxi.o(.text)
    __rt_heap_expand                         0x0800054f   Thumb Code     2  heapauxi.o(.text)
    __rt_heap_descriptor                     0x08000551   Thumb Code     8  rt_heap_descriptor_intlibspace.o(.text)
    __use_no_heap                            0x08000559   Thumb Code     2  hguard.o(.text)
    __heap$guard                             0x0800055b   Thumb Code     2  hguard.o(.text)
    _terminate_user_alloc                    0x0800055d   Thumb Code     2  init_alloc.o(.text)
    _init_user_alloc                         0x0800055f   Thumb Code     2  init_alloc.o(.text)
    __Heap_Full                              0x08000561   Thumb Code    34  init_alloc.o(.text)
    __Heap_Broken                            0x08000583   Thumb Code     6  init_alloc.o(.text)
    _init_alloc                              0x08000589   Thumb Code    94  init_alloc.o(.text)
    __Heap_Initialize                        0x080005e7   Thumb Code     8  h1_init.o(.text)
    __Heap_DescSize                          0x080005ef   Thumb Code     4  h1_init.o(.text)
    __read_errno                             0x080005f3   Thumb Code    10  _rserrno.o(.text)
    __set_errno                              0x080005fd   Thumb Code    12  _rserrno.o(.text)
    _printf_int_common                       0x08000609   Thumb Code   178  _printf_intcommon.o(.text)
    _printf_fp_dec_real                      0x0800086b   Thumb Code   620  _printf_fp_dec.o(.text)
    __user_libspace                          0x08000ad9   Thumb Code     8  libspace.o(.text)
    __user_perproc_libspace                  0x08000ad9   Thumb Code     0  libspace.o(.text)
    __user_perthread_libspace                0x08000ad9   Thumb Code     0  libspace.o(.text)
    __rt_locale                              0x08000ae1   Thumb Code     8  rt_locale_intlibspace.o(.text)
    __aeabi_errno_addr                       0x08000ae9   Thumb Code     8  rt_errno_addr_intlibspace.o(.text)
    __errno$intlibspace                      0x08000ae9   Thumb Code     0  rt_errno_addr_intlibspace.o(.text)
    __rt_errno_addr$intlibspace              0x08000ae9   Thumb Code     0  rt_errno_addr_intlibspace.o(.text)
    __Heap_ProvideMemory                     0x08000af1   Thumb Code    52  h1_extend.o(.text)
    _maybe_terminate_alloc                   0x08000af1   Thumb Code     0  maybetermalloc1.o(.text)
    _ll_udiv10                               0x08000b25   Thumb Code   138  lludiv10.o(.text)
    _printf_fp_infnan                        0x08000bb1   Thumb Code   112  _printf_fp_infnan.o(.text)
    _btod_etento                             0x08000c31   Thumb Code   224  bigflt0.o(.text)
    __rt_SIGRTMEM                            0x08000d15   Thumb Code    14  defsig_rtmem_outer.o(.text)
    __I$use$semihosting                      0x08000d23   Thumb Code     0  use_no_semi.o(.text)
    __use_no_semihosting_swi                 0x08000d23   Thumb Code     2  use_no_semi.o(.text)
    __semihosting_library_function           0x08000d25   Thumb Code     0  indicate_semi.o(.text)
    __user_setup_stackheap                   0x08000d25   Thumb Code    74  sys_stackheap_outer.o(.text)
    exit                                     0x08000d6f   Thumb Code    18  exit.o(.text)
    __sig_exit                               0x08000d81   Thumb Code    10  defsig_exit.o(.text)
    __rt_SIGRTMEM_inner                      0x08000d8d   Thumb Code    22  defsig_rtmem_inner.o(.text)
    strcmp                                   0x08000de1   Thumb Code   124  strcmpv7em.o(.text)
    _sys_exit                                0x08000e5d   Thumb Code     8  sys_exit.o(.text)
    __default_signal_display                 0x08000e69   Thumb Code    50  defsig_general.o(.text)
    _ttywrch                                 0x08000e9b   Thumb Code    14  sys_wrch.o(.text)
    BusFault_Handler                         0x08000ea9   Thumb Code     2  stm32f4xx_it.o(.text.BusFault_Handler)
    DebugMon_Handler                         0x08000ead   Thumb Code     2  stm32f4xx_it.o(.text.DebugMon_Handler)
    EXTI15_10_IRQHandler                     0x08000eb1   Thumb Code    64  stm32f4xx_it.o(.text.EXTI15_10_IRQHandler)
    HAL_DAC_ConfigChannel                    0x08000ef1   Thumb Code    80  stm32f4xx_hal_dac.o(.text.HAL_DAC_ConfigChannel)
    HAL_DAC_Init                             0x08000f41   Thumb Code    40  stm32f4xx_hal_dac.o(.text.HAL_DAC_Init)
    HAL_DAC_MspInit                          0x08000f69   Thumb Code   100  stm32f4xx_hal_msp.o(.text.HAL_DAC_MspInit)
    HAL_DAC_SetValue                         0x08000fcd   Thumb Code    38  stm32f4xx_hal_dac.o(.text.HAL_DAC_SetValue)
    HAL_DAC_Start                            0x08000ff5   Thumb Code    92  stm32f4xx_hal_dac.o(.text.HAL_DAC_Start)
    HAL_Delay                                0x08001051   Thumb Code    40  stm32f4xx_hal.o(.text.HAL_Delay)
    HAL_GPIO_EXTI_Callback                   0x08001079   Thumb Code     2  stm32f4xx_hal_gpio.o(.text.HAL_GPIO_EXTI_Callback)
    HAL_GPIO_EXTI_IRQHandler                 0x0800107d   Thumb Code    22  stm32f4xx_hal_gpio.o(.text.HAL_GPIO_EXTI_IRQHandler)
    HAL_GPIO_Init                            0x08001095   Thumb Code   414  stm32f4xx_hal_gpio.o(.text.HAL_GPIO_Init)
    HAL_GPIO_TogglePin                       0x08001235   Thumb Code    16  stm32f4xx_hal_gpio.o(.text.HAL_GPIO_TogglePin)
    HAL_GPIO_WritePin                        0x08001245   Thumb Code    10  stm32f4xx_hal_gpio.o(.text.HAL_GPIO_WritePin)
    HAL_GetTick                              0x08001251   Thumb Code    12  stm32f4xx_hal.o(.text.HAL_GetTick)
    HAL_IncTick                              0x0800125d   Thumb Code    26  stm32f4xx_hal.o(.text.HAL_IncTick)
    HAL_Init                                 0x08001279   Thumb Code    54  stm32f4xx_hal.o(.text.HAL_Init)
    HAL_InitTick                             0x080012b1   Thumb Code    72  stm32f4xx_hal.o(.text.HAL_InitTick)
    HAL_MspInit                              0x080012f9   Thumb Code    56  stm32f4xx_hal_msp.o(.text.HAL_MspInit)
    HAL_NVIC_EnableIRQ                       0x08001331   Thumb Code    34  stm32f4xx_hal_cortex.o(.text.HAL_NVIC_EnableIRQ)
    HAL_NVIC_SetPriority                     0x08001355   Thumb Code    86  stm32f4xx_hal_cortex.o(.text.HAL_NVIC_SetPriority)
    HAL_NVIC_SetPriorityGrouping             0x080013ad   Thumb Code    32  stm32f4xx_hal_cortex.o(.text.HAL_NVIC_SetPriorityGrouping)
    HAL_RCC_ClockConfig                      0x080013cd   Thumb Code   356  stm32f4xx_hal_rcc.o(.text.HAL_RCC_ClockConfig)
    HAL_RCC_GetPCLK1Freq                     0x08001531   Thumb Code    38  stm32f4xx_hal_rcc.o(.text.HAL_RCC_GetPCLK1Freq)
    HAL_RCC_GetPCLK2Freq                     0x08001559   Thumb Code    38  stm32f4xx_hal_rcc.o(.text.HAL_RCC_GetPCLK2Freq)
    HAL_RCC_GetSysClockFreq                  0x08001581   Thumb Code   162  stm32f4xx_hal_rcc_ex.o(.text.HAL_RCC_GetSysClockFreq)
    HAL_RCC_OscConfig                        0x08001625   Thumb Code   992  stm32f4xx_hal_rcc_ex.o(.text.HAL_RCC_OscConfig)
    HAL_SYSTICK_Config                       0x08001a05   Thumb Code    44  stm32f4xx_hal_cortex.o(.text.HAL_SYSTICK_Config)
    HAL_TIMEx_MasterConfigSynchronization    0x08001a31   Thumb Code   186  stm32f4xx_hal_tim_ex.o(.text.HAL_TIMEx_MasterConfigSynchronization)
    HAL_TIM_Base_Init                        0x08001aed   Thumb Code    90  stm32f4xx_hal_tim.o(.text.HAL_TIM_Base_Init)
    HAL_TIM_Base_MspInit                     0x08001b49   Thumb Code    52  stm32f4xx_hal_msp.o(.text.HAL_TIM_Base_MspInit)
    HAL_TIM_Base_Start                       0x08001b7d   Thumb Code   162  stm32f4xx_hal_tim.o(.text.HAL_TIM_Base_Start)
    HAL_USART_Init                           0x08001c21   Thumb Code   250  stm32f4xx_hal_usart.o(.text.HAL_USART_Init)
    HAL_USART_MspInit                        0x08001d1d   Thumb Code   166  stm32f4xx_hal_msp.o(.text.HAL_USART_MspInit)
    HAL_USART_Transmit                       0x08001dc5   Thumb Code   422  stm32f4xx_hal_usart.o(.text.HAL_USART_Transmit)
    HardFault_Handler                        0x08001f6d   Thumb Code     2  stm32f4xx_it.o(.text.HardFault_Handler)
    MX_DAC_Init                              0x08001f71   Thumb Code    76  config.o(.text.MX_DAC_Init)
    MX_GPIO_Init                             0x08001fbd   Thumb Code   332  config.o(.text.MX_GPIO_Init)
    MX_TIM6_Init                             0x08002109   Thumb Code    88  config.o(.text.MX_TIM6_Init)
    MX_USART3_Init                           0x08002161   Thumb Code    62  config.o(.text.MX_USART3_Init)
    MemManage_Handler                        0x080021a1   Thumb Code     2  stm32f4xx_it.o(.text.MemManage_Handler)
    NMI_Handler                              0x080021a5   Thumb Code     2  stm32f4xx_it.o(.text.NMI_Handler)
    PendSV_Handler                           0x080021a9   Thumb Code     2  stm32f4xx_it.o(.text.PendSV_Handler)
    SVC_Handler                              0x080021ad   Thumb Code     2  stm32f4xx_it.o(.text.SVC_Handler)
    SysTick_Handler                          0x080021b1   Thumb Code     4  stm32f4xx_it.o(.text.SysTick_Handler)
    SystemClock_Config                       0x080021b5   Thumb Code   176  config.o(.text.SystemClock_Config)
    SystemInit                               0x08002265   Thumb Code    18  system_stm32f4xx.o(.text.SystemInit)
    TIM_Base_SetConfig                       0x08002279   Thumb Code   316  stm32f4xx_hal_tim.o(.text.TIM_Base_SetConfig)
    UsageFault_Handler                       0x080023b5   Thumb Code     2  stm32f4xx_it.o(.text.UsageFault_Handler)
    main                                     0x080023b9   Thumb Code   608  main.o(.text.main)
    print_msg                                0x08002649   Thumb Code    30  config.o(.text.print_msg)
    _btod_d2e                                0x08002667   Thumb Code    62  btod.o(CL$$btod_d2e)
    _d2e_denorm_low                          0x080026a5   Thumb Code    70  btod.o(CL$$btod_d2e_denorm_low)
    _d2e_norm_op1                            0x080026eb   Thumb Code    96  btod.o(CL$$btod_d2e_norm_op1)
    __btod_div_common                        0x0800274d   Thumb Code   696  btod.o(CL$$btod_div_common)
    _e2e                                     0x08002a85   Thumb Code   220  btod.o(CL$$btod_e2e)
    _btod_ediv                               0x08002b61   Thumb Code    42  btod.o(CL$$btod_ediv)
    _btod_emul                               0x08002b8b   Thumb Code    42  btod.o(CL$$btod_emul)
    __btod_mult_common                       0x08002bb5   Thumb Code   580  btod.o(CL$$btod_mult_common)
    __ARM_fpclassify                         0x08002df9   Thumb Code    48  fpclassify.o(i.__ARM_fpclassify)
    __hardfp_sin                             0x08002e29   Thumb Code   180  sin.o(i.__hardfp_sin)
    __ieee754_rem_pio2                       0x08002ef1   Thumb Code   938  rred.o(i.__ieee754_rem_pio2)
    __kernel_cos                             0x08003329   Thumb Code   322  cos_i.o(i.__kernel_cos)
    __kernel_poly                            0x08003499   Thumb Code   248  poly.o(i.__kernel_poly)
    __kernel_sin                             0x08003591   Thumb Code   280  sin_i.o(i.__kernel_sin)
    __mathlib_dbl_infnan                     0x080036c1   Thumb Code    20  dunder.o(i.__mathlib_dbl_infnan)
    __mathlib_dbl_invalid                    0x080036d9   Thumb Code    24  dunder.o(i.__mathlib_dbl_invalid)
    __mathlib_dbl_underflow                  0x080036f9   Thumb Code    24  dunder.o(i.__mathlib_dbl_underflow)
    fabs                                     0x08003719   Thumb Code    24  fabs.o(i.fabs)
    _get_lc_numeric                          0x08003731   Thumb Code    44  lc_numeric_c.o(locale$$code)
    __aeabi_dneg                             0x0800375d   Thumb Code     0  basic.o(x$fpl$basic)
    _dneg                                    0x0800375d   Thumb Code     6  basic.o(x$fpl$basic)
    __aeabi_fneg                             0x08003763   Thumb Code     0  basic.o(x$fpl$basic)
    _fneg                                    0x08003763   Thumb Code     6  basic.o(x$fpl$basic)
    _dabs                                    0x08003769   Thumb Code     6  basic.o(x$fpl$basic)
    _fabs                                    0x0800376f   Thumb Code     6  basic.o(x$fpl$basic)
    __aeabi_dadd                             0x08003775   Thumb Code     0  daddsub_clz.o(x$fpl$dadd)
    _dadd                                    0x08003775   Thumb Code   332  daddsub_clz.o(x$fpl$dadd)
    __aeabi_ddiv                             0x080038c5   Thumb Code     0  ddiv.o(x$fpl$ddiv)
    _ddiv                                    0x080038c5   Thumb Code   556  ddiv.o(x$fpl$ddiv)
    __aeabi_d2iz                             0x08003b79   Thumb Code     0  dfix.o(x$fpl$dfix)
    _dfix                                    0x08003b79   Thumb Code    94  dfix.o(x$fpl$dfix)
    __aeabi_d2uiz                            0x08003bd9   Thumb Code     0  dfixu.o(x$fpl$dfixu)
    _dfixu                                   0x08003bd9   Thumb Code    90  dfixu.o(x$fpl$dfixu)
    __aeabi_i2d                              0x08003c33   Thumb Code     0  dflt_clz.o(x$fpl$dflt)
    _dflt                                    0x08003c33   Thumb Code    46  dflt_clz.o(x$fpl$dflt)
    __aeabi_ui2d                             0x08003c61   Thumb Code     0  dflt_clz.o(x$fpl$dfltu)
    _dfltu                                   0x08003c61   Thumb Code    38  dflt_clz.o(x$fpl$dfltu)
    __aeabi_dmul                             0x08003c89   Thumb Code     0  dmul.o(x$fpl$dmul)
    _dmul                                    0x08003c89   Thumb Code   332  dmul.o(x$fpl$dmul)
    __fpl_dnaninf                            0x08003ddd   Thumb Code   156  dnaninf.o(x$fpl$dnaninf)
    __fpl_dretinf                            0x08003e79   Thumb Code    12  dretinf.o(x$fpl$dretinf)
    __aeabi_drsub                            0x08003e85   Thumb Code     0  daddsub_clz.o(x$fpl$drsb)
    _drsb                                    0x08003e85   Thumb Code    22  daddsub_clz.o(x$fpl$drsb)
    __aeabi_dsub                             0x08003e9d   Thumb Code     0  daddsub_clz.o(x$fpl$dsub)
    _dsub                                    0x08003e9d   Thumb Code   472  daddsub_clz.o(x$fpl$dsub)
    _fp_init                                 0x08004079   Thumb Code    26  fpinit.o(x$fpl$fpinit)
    __fplib_config_fpu_vfp                   0x08004091   Thumb Code     0  fpinit.o(x$fpl$fpinit)
    __fplib_config_pureend_doubles           0x08004091   Thumb Code     0  fpinit.o(x$fpl$fpinit)
    _printf_fp_dec                           0x08004093   Thumb Code     4  printf1.o(x$fpl$printf1)
    __I$use$fp                               0x08004096   Number         0  usenofp.o(x$fpl$usenofp)
    AHBPrescTable                            0x08004254   Data          16  system_stm32f4xx.o(.rodata.AHBPrescTable)
    APBPrescTable                            0x08004264   Data           8  system_stm32f4xx.o(.rodata.APBPrescTable)
    Region$$Table$$Base                      0x0800426c   Number         0  anon$$obj.o(Region$$Table)
    Region$$Table$$Limit                     0x0800428c   Number         0  anon$$obj.o(Region$$Table)
    uwTickFreq                               0x20000000   Data           1  stm32f4xx_hal.o(.data..L_MergedGlobals)
    uwTickPrio                               0x20000004   Data           4  stm32f4xx_hal.o(.data..L_MergedGlobals)
    SystemCoreClock                          0x20000008   Data           4  system_stm32f4xx.o(.data.SystemCoreClock)
    fs_terms                                 0x2000000c   Data           1  main.o(.data.fs_terms)
    __libspace_start                         0x20000010   Data          96  libspace.o(.bss)
    __temporary_stack_top$libspace           0x20000070   Data           0  libspace.o(.bss)
    hdac                                     0x20000070   Data          20  config.o(.bss.hdac)
    htim6                                    0x20000084   Data          72  config.o(.bss.htim6)
    husart3                                  0x200000cc   Data          68  config.o(.bss.husart3)
    uwTick                                   0x20000110   Data           4  stm32f4xx_hal.o(.bss.uwTick)



==============================================================================

Memory Map of the image

  Image Entry point : 0x080001c5

  Load Region LR_IROM1 (Base: 0x08000000, Size: 0x000042b8, Max: 0x00080000, ABSOLUTE)

    Execution Region ER_IROM1 (Exec base: 0x08000000, Load base: 0x08000000, Size: 0x000042a8, Max: 0x00080000, ABSOLUTE)

    Exec Addr    Load Addr    Size         Type   Attr      Idx    E Section Name        Object

    0x08000000   0x08000000   0x000001c4   Data   RO            3    RESET               startup_stm32f446xx.o
    0x080001c4   0x080001c4   0x00000008   Code   RO         1129  * !!!main             c_w.l(__main.o)
    0x080001cc   0x080001cc   0x0000005c   Code   RO         1605    !!!scatter          c_w.l(__scatter.o)
    0x08000228   0x08000228   0x0000001a   Code   RO         1609    !!handler_copy      c_w.l(__scatter_copy.o)
    0x08000242   0x08000242   0x00000002   PAD
    0x08000244   0x08000244   0x00000002   Code   RO         1606    !!handler_null      c_w.l(__scatter.o)
    0x08000246   0x08000246   0x00000002   PAD
    0x08000248   0x08000248   0x0000001c   Code   RO         1611    !!handler_zi        c_w.l(__scatter_zi.o)
    0x08000264   0x08000264   0x00000000   Code   RO         1124    .ARM.Collect$$_printf_percent$$00000000  c_w.l(_printf_percent.o)
    0x08000264   0x08000264   0x00000006   Code   RO         1123    .ARM.Collect$$_printf_percent$$00000003  c_w.l(_printf_f.o)
    0x0800026a   0x0800026a   0x00000006   Code   RO         1122    .ARM.Collect$$_printf_percent$$00000009  c_w.l(_printf_d.o)
    0x08000270   0x08000270   0x00000004   Code   RO         1216    .ARM.Collect$$_printf_percent$$00000017  c_w.l(_printf_percent_end.o)
    0x08000274   0x08000274   0x00000002   Code   RO         1504    .ARM.Collect$$libinit$$00000000  c_w.l(libinit.o)
    0x08000276   0x08000276   0x00000004   Code   RO         1227    .ARM.Collect$$libinit$$00000001  c_w.l(libinit2.o)
    0x0800027a   0x0800027a   0x00000000   Code   RO         1230    .ARM.Collect$$libinit$$00000004  c_w.l(libinit2.o)
    0x0800027a   0x0800027a   0x00000000   Code   RO         1232    .ARM.Collect$$libinit$$00000006  c_w.l(libinit2.o)
    0x0800027a   0x0800027a   0x00000008   Code   RO         1233    .ARM.Collect$$libinit$$00000007  c_w.l(libinit2.o)
    0x08000282   0x08000282   0x00000000   Code   RO         1235    .ARM.Collect$$libinit$$0000000C  c_w.l(libinit2.o)
    0x08000282   0x08000282   0x00000000   Code   RO         1237    .ARM.Collect$$libinit$$0000000E  c_w.l(libinit2.o)
    0x08000282   0x08000282   0x00000000   Code   RO         1239    .ARM.Collect$$libinit$$00000010  c_w.l(libinit2.o)
    0x08000282   0x08000282   0x00000006   Code   RO         1240    .ARM.Collect$$libinit$$00000011  c_w.l(libinit2.o)
    0x08000288   0x08000288   0x00000000   Code   RO         1242    .ARM.Collect$$libinit$$00000013  c_w.l(libinit2.o)
    0x08000288   0x08000288   0x00000000   Code   RO         1244    .ARM.Collect$$libinit$$00000015  c_w.l(libinit2.o)
    0x08000288   0x08000288   0x00000000   Code   RO         1246    .ARM.Collect$$libinit$$00000017  c_w.l(libinit2.o)
    0x08000288   0x08000288   0x0000000a   Code   RO         1247    .ARM.Collect$$libinit$$00000018  c_w.l(libinit2.o)
    0x08000292   0x08000292   0x00000000   Code   RO         1248    .ARM.Collect$$libinit$$00000019  c_w.l(libinit2.o)
    0x08000292   0x08000292   0x00000000   Code   RO         1250    .ARM.Collect$$libinit$$0000001B  c_w.l(libinit2.o)
    0x08000292   0x08000292   0x00000000   Code   RO         1252    .ARM.Collect$$libinit$$0000001D  c_w.l(libinit2.o)
    0x08000292   0x08000292   0x00000000   Code   RO         1254    .ARM.Collect$$libinit$$0000001F  c_w.l(libinit2.o)
    0x08000292   0x08000292   0x00000000   Code   RO         1256    .ARM.Collect$$libinit$$00000021  c_w.l(libinit2.o)
    0x08000292   0x08000292   0x00000000   Code   RO         1258    .ARM.Collect$$libinit$$00000023  c_w.l(libinit2.o)
    0x08000292   0x08000292   0x00000000   Code   RO         1260    .ARM.Collect$$libinit$$00000025  c_w.l(libinit2.o)
    0x08000292   0x08000292   0x00000000   Code   RO         1262    .ARM.Collect$$libinit$$00000027  c_w.l(libinit2.o)
    0x08000292   0x08000292   0x00000000   Code   RO         1266    .ARM.Collect$$libinit$$0000002E  c_w.l(libinit2.o)
    0x08000292   0x08000292   0x00000000   Code   RO         1268    .ARM.Collect$$libinit$$00000030  c_w.l(libinit2.o)
    0x08000292   0x08000292   0x00000000   Code   RO         1270    .ARM.Collect$$libinit$$00000032  c_w.l(libinit2.o)
    0x08000292   0x08000292   0x00000000   Code   RO         1272    .ARM.Collect$$libinit$$00000034  c_w.l(libinit2.o)
    0x08000292   0x08000292   0x00000002   Code   RO         1273    .ARM.Collect$$libinit$$00000035  c_w.l(libinit2.o)
    0x08000294   0x08000294   0x00000002   Code   RO         1602    .ARM.Collect$$libshutdown$$00000000  c_w.l(libshutdown.o)
    0x08000296   0x08000296   0x00000000   Code   RO         1506    .ARM.Collect$$libshutdown$$00000002  c_w.l(libshutdown2.o)
    0x08000296   0x08000296   0x00000000   Code   RO         1508    .ARM.Collect$$libshutdown$$00000004  c_w.l(libshutdown2.o)
    0x08000296   0x08000296   0x00000000   Code   RO         1511    .ARM.Collect$$libshutdown$$00000007  c_w.l(libshutdown2.o)
    0x08000296   0x08000296   0x00000000   Code   RO         1514    .ARM.Collect$$libshutdown$$0000000A  c_w.l(libshutdown2.o)
    0x08000296   0x08000296   0x00000000   Code   RO         1516    .ARM.Collect$$libshutdown$$0000000C  c_w.l(libshutdown2.o)
    0x08000296   0x08000296   0x00000000   Code   RO         1519    .ARM.Collect$$libshutdown$$0000000F  c_w.l(libshutdown2.o)
    0x08000296   0x08000296   0x00000002   Code   RO         1520    .ARM.Collect$$libshutdown$$00000010  c_w.l(libshutdown2.o)
    0x08000298   0x08000298   0x00000000   Code   RO         1178    .ARM.Collect$$rtentry$$00000000  c_w.l(__rtentry.o)
    0x08000298   0x08000298   0x00000000   Code   RO         1341    .ARM.Collect$$rtentry$$00000002  c_w.l(__rtentry2.o)
    0x08000298   0x08000298   0x00000006   Code   RO         1353    .ARM.Collect$$rtentry$$00000004  c_w.l(__rtentry4.o)
    0x0800029e   0x0800029e   0x00000000   Code   RO         1343    .ARM.Collect$$rtentry$$00000009  c_w.l(__rtentry2.o)
    0x0800029e   0x0800029e   0x00000004   Code   RO         1344    .ARM.Collect$$rtentry$$0000000A  c_w.l(__rtentry2.o)
    0x080002a2   0x080002a2   0x00000000   Code   RO         1346    .ARM.Collect$$rtentry$$0000000C  c_w.l(__rtentry2.o)
    0x080002a2   0x080002a2   0x00000008   Code   RO         1347    .ARM.Collect$$rtentry$$0000000D  c_w.l(__rtentry2.o)
    0x080002aa   0x080002aa   0x00000002   Code   RO         1533    .ARM.Collect$$rtexit$$00000000  c_w.l(rtexit.o)
    0x080002ac   0x080002ac   0x00000000   Code   RO         1568    .ARM.Collect$$rtexit$$00000002  c_w.l(rtexit2.o)
    0x080002ac   0x080002ac   0x00000004   Code   RO         1569    .ARM.Collect$$rtexit$$00000003  c_w.l(rtexit2.o)
    0x080002b0   0x080002b0   0x00000006   Code   RO         1570    .ARM.Collect$$rtexit$$00000004  c_w.l(rtexit2.o)
    0x080002b6   0x080002b6   0x00000002   PAD
    0x080002b8   0x080002b8   0x00000040   Code   RO            4    .text               startup_stm32f446xx.o
    0x080002f8   0x080002f8   0x0000005e   Code   RO         1034    .text               c_w.l(h1_alloc.o)
    0x08000356   0x08000356   0x0000004e   Code   RO         1036    .text               c_w.l(h1_free.o)
    0x080003a4   0x080003a4   0x000000f0   Code   RO         1092    .text               c_w.l(lludivv7m.o)
    0x08000494   0x08000494   0x00000078   Code   RO         1100    .text               c_w.l(_printf_dec.o)
    0x0800050c   0x0800050c   0x0000003e   Code   RO         1125    .text               c_w.l(strlen.o)
    0x0800054a   0x0800054a   0x00000006   Code   RO         1127    .text               c_w.l(heapauxi.o)
    0x08000550   0x08000550   0x00000008   Code   RO         1186    .text               c_w.l(rt_heap_descriptor_intlibspace.o)
    0x08000558   0x08000558   0x00000004   Code   RO         1188    .text               c_w.l(hguard.o)
    0x0800055c   0x0800055c   0x0000008a   Code   RO         1190    .text               c_w.l(init_alloc.o)
    0x080005e6   0x080005e6   0x0000000c   Code   RO         1194    .text               c_w.l(h1_init.o)
    0x080005f2   0x080005f2   0x00000016   Code   RO         1206    .text               c_w.l(_rserrno.o)
    0x08000608   0x08000608   0x000000b2   Code   RO         1208    .text               c_w.l(_printf_intcommon.o)
    0x080006ba   0x080006ba   0x0000041c   Code   RO         1210    .text               c_w.l(_printf_fp_dec.o)
    0x08000ad6   0x08000ad6   0x00000002   PAD
    0x08000ad8   0x08000ad8   0x00000008   Code   RO         1337    .text               c_w.l(libspace.o)
    0x08000ae0   0x08000ae0   0x00000008   Code   RO         1360    .text               c_w.l(rt_locale_intlibspace.o)
    0x08000ae8   0x08000ae8   0x00000008   Code   RO         1365    .text               c_w.l(rt_errno_addr_intlibspace.o)
    0x08000af0   0x08000af0   0x00000000   Code   RO         1369    .text               c_w.l(maybetermalloc1.o)
    0x08000af0   0x08000af0   0x00000034   Code   RO         1371    .text               c_w.l(h1_extend.o)
    0x08000b24   0x08000b24   0x0000008a   Code   RO         1375    .text               c_w.l(lludiv10.o)
    0x08000bae   0x08000bae   0x00000002   PAD
    0x08000bb0   0x08000bb0   0x00000080   Code   RO         1379    .text               c_w.l(_printf_fp_infnan.o)
    0x08000c30   0x08000c30   0x000000e4   Code   RO         1381    .text               c_w.l(bigflt0.o)
    0x08000d14   0x08000d14   0x0000000e   Code   RO         1425    .text               c_w.l(defsig_rtmem_outer.o)
    0x08000d22   0x08000d22   0x00000002   Code   RO         1451    .text               c_w.l(use_no_semi.o)
    0x08000d24   0x08000d24   0x00000000   Code   RO         1453    .text               c_w.l(indicate_semi.o)
    0x08000d24   0x08000d24   0x0000004a   Code   RO         1454    .text               c_w.l(sys_stackheap_outer.o)
    0x08000d6e   0x08000d6e   0x00000012   Code   RO         1477    .text               c_w.l(exit.o)
    0x08000d80   0x08000d80   0x0000000a   Code   RO         1479    .text               c_w.l(defsig_exit.o)
    0x08000d8a   0x08000d8a   0x00000002   PAD
    0x08000d8c   0x08000d8c   0x00000050   Code   RO         1489    .text               c_w.l(defsig_rtmem_inner.o)
    0x08000ddc   0x08000ddc   0x00000004   PAD
    0x08000de0   0x08000de0   0x0000007c   Code   RO         1493    .text               c_w.l(strcmpv7em.o)
    0x08000e5c   0x08000e5c   0x0000000c   Code   RO         1527    .text               c_w.l(sys_exit.o)
    0x08000e68   0x08000e68   0x00000032   Code   RO         1553    .text               c_w.l(defsig_general.o)
    0x08000e9a   0x08000e9a   0x0000000e   Code   RO         1563    .text               c_w.l(sys_wrch.o)
    0x08000ea8   0x08000ea8   0x00000002   Code   RO           42    .text.BusFault_Handler  stm32f4xx_it.o
    0x08000eaa   0x08000eaa   0x00000002   PAD
    0x08000eac   0x08000eac   0x00000002   Code   RO           48    .text.DebugMon_Handler  stm32f4xx_it.o
    0x08000eae   0x08000eae   0x00000002   PAD
    0x08000eb0   0x08000eb0   0x00000040   Code   RO           54    .text.EXTI15_10_IRQHandler  stm32f4xx_it.o
    0x08000ef0   0x08000ef0   0x00000050   Code   RO          146    .text.HAL_DAC_ConfigChannel  stm32f4xx_hal_dac.o
    0x08000f40   0x08000f40   0x00000028   Code   RO          110    .text.HAL_DAC_Init  stm32f4xx_hal_dac.o
    0x08000f68   0x08000f68   0x00000064   Code   RO           65    .text.HAL_DAC_MspInit  stm32f4xx_hal_msp.o
    0x08000fcc   0x08000fcc   0x00000026   Code   RO          136    .text.HAL_DAC_SetValue  stm32f4xx_hal_dac.o
    0x08000ff2   0x08000ff2   0x00000002   PAD
    0x08000ff4   0x08000ff4   0x0000005c   Code   RO          118    .text.HAL_DAC_Start  stm32f4xx_hal_dac.o
    0x08001050   0x08001050   0x00000028   Code   RO          543    .text.HAL_Delay     stm32f4xx_hal.o
    0x08001078   0x08001078   0x00000002   Code   RO          352    .text.HAL_GPIO_EXTI_Callback  stm32f4xx_hal_gpio.o
    0x0800107a   0x0800107a   0x00000002   PAD
    0x0800107c   0x0800107c   0x00000016   Code   RO          350    .text.HAL_GPIO_EXTI_IRQHandler  stm32f4xx_hal_gpio.o
    0x08001092   0x08001092   0x00000002   PAD
    0x08001094   0x08001094   0x0000019e   Code   RO          338    .text.HAL_GPIO_Init  stm32f4xx_hal_gpio.o
    0x08001232   0x08001232   0x00000002   PAD
    0x08001234   0x08001234   0x00000010   Code   RO          346    .text.HAL_GPIO_TogglePin  stm32f4xx_hal_gpio.o
    0x08001244   0x08001244   0x0000000a   Code   RO          344    .text.HAL_GPIO_WritePin  stm32f4xx_hal_gpio.o
    0x0800124e   0x0800124e   0x00000002   PAD
    0x08001250   0x08001250   0x0000000c   Code   RO          535    .text.HAL_GetTick   stm32f4xx_hal.o
    0x0800125c   0x0800125c   0x0000001a   Code   RO          533    .text.HAL_IncTick   stm32f4xx_hal.o
    0x08001276   0x08001276   0x00000002   PAD
    0x08001278   0x08001278   0x00000036   Code   RO          523    .text.HAL_Init      stm32f4xx_hal.o
    0x080012ae   0x080012ae   0x00000002   PAD
    0x080012b0   0x080012b0   0x00000048   Code   RO          525    .text.HAL_InitTick  stm32f4xx_hal.o
    0x080012f8   0x080012f8   0x00000038   Code   RO           63    .text.HAL_MspInit   stm32f4xx_hal_msp.o
    0x08001330   0x08001330   0x00000022   Code   RO          481    .text.HAL_NVIC_EnableIRQ  stm32f4xx_hal_cortex.o
    0x08001352   0x08001352   0x00000002   PAD
    0x08001354   0x08001354   0x00000056   Code   RO          479    .text.HAL_NVIC_SetPriority  stm32f4xx_hal_cortex.o
    0x080013aa   0x080013aa   0x00000002   PAD
    0x080013ac   0x080013ac   0x00000020   Code   RO          477    .text.HAL_NVIC_SetPriorityGrouping  stm32f4xx_hal_cortex.o
    0x080013cc   0x080013cc   0x00000164   Code   RO          198    .text.HAL_RCC_ClockConfig  stm32f4xx_hal_rcc.o
    0x08001530   0x08001530   0x00000026   Code   RO          210    .text.HAL_RCC_GetPCLK1Freq  stm32f4xx_hal_rcc.o
    0x08001556   0x08001556   0x00000002   PAD
    0x08001558   0x08001558   0x00000026   Code   RO          212    .text.HAL_RCC_GetPCLK2Freq  stm32f4xx_hal_rcc.o
    0x0800157e   0x0800157e   0x00000002   PAD
    0x08001580   0x08001580   0x000000a2   Code   RO          246    .text.HAL_RCC_GetSysClockFreq  stm32f4xx_hal_rcc_ex.o
    0x08001622   0x08001622   0x00000002   PAD
    0x08001624   0x08001624   0x000003e0   Code   RO          250    .text.HAL_RCC_OscConfig  stm32f4xx_hal_rcc_ex.o
    0x08001a04   0x08001a04   0x0000002c   Code   RO          489    .text.HAL_SYSTICK_Config  stm32f4xx_hal_cortex.o
    0x08001a30   0x08001a30   0x000000ba   Code   RO          908    .text.HAL_TIMEx_MasterConfigSynchronization  stm32f4xx_hal_tim_ex.o
    0x08001aea   0x08001aea   0x00000002   PAD
    0x08001aec   0x08001aec   0x0000005a   Code   RO          613    .text.HAL_TIM_Base_Init  stm32f4xx_hal_tim.o
    0x08001b46   0x08001b46   0x00000002   PAD
    0x08001b48   0x08001b48   0x00000034   Code   RO           69    .text.HAL_TIM_Base_MspInit  stm32f4xx_hal_msp.o
    0x08001b7c   0x08001b7c   0x000000a2   Code   RO          623    .text.HAL_TIM_Base_Start  stm32f4xx_hal_tim.o
    0x08001c1e   0x08001c1e   0x00000002   PAD
    0x08001c20   0x08001c20   0x000000fa   Code   RO          932    .text.HAL_USART_Init  stm32f4xx_hal_usart.o
    0x08001d1a   0x08001d1a   0x00000002   PAD
    0x08001d1c   0x08001d1c   0x000000a6   Code   RO           73    .text.HAL_USART_MspInit  stm32f4xx_hal_msp.o
    0x08001dc2   0x08001dc2   0x00000002   PAD
    0x08001dc4   0x08001dc4   0x000001a6   Code   RO          940    .text.HAL_USART_Transmit  stm32f4xx_hal_usart.o
    0x08001f6a   0x08001f6a   0x00000002   PAD
    0x08001f6c   0x08001f6c   0x00000002   Code   RO           38    .text.HardFault_Handler  stm32f4xx_it.o
    0x08001f6e   0x08001f6e   0x00000002   PAD
    0x08001f70   0x08001f70   0x0000004c   Code   RO           89    .text.MX_DAC_Init   config.o
    0x08001fbc   0x08001fbc   0x0000014c   Code   RO           95    .text.MX_GPIO_Init  config.o
    0x08002108   0x08002108   0x00000058   Code   RO           91    .text.MX_TIM6_Init  config.o
    0x08002160   0x08002160   0x0000003e   Code   RO           93    .text.MX_USART3_Init  config.o
    0x0800219e   0x0800219e   0x00000002   PAD
    0x080021a0   0x080021a0   0x00000002   Code   RO           40    .text.MemManage_Handler  stm32f4xx_it.o
    0x080021a2   0x080021a2   0x00000002   PAD
    0x080021a4   0x080021a4   0x00000002   Code   RO           36    .text.NMI_Handler   stm32f4xx_it.o
    0x080021a6   0x080021a6   0x00000002   PAD
    0x080021a8   0x080021a8   0x00000002   Code   RO           50    .text.PendSV_Handler  stm32f4xx_it.o
    0x080021aa   0x080021aa   0x00000002   PAD
    0x080021ac   0x080021ac   0x00000002   Code   RO           46    .text.SVC_Handler   stm32f4xx_it.o
    0x080021ae   0x080021ae   0x00000002   PAD
    0x080021b0   0x080021b0   0x00000004   Code   RO           52    .text.SysTick_Handler  stm32f4xx_it.o
    0x080021b4   0x080021b4   0x000000b0   Code   RO           85    .text.SystemClock_Config  config.o
    0x08002264   0x08002264   0x00000012   Code   RO         1014    .text.SystemInit    system_stm32f4xx.o
    0x08002276   0x08002276   0x00000002   PAD
    0x08002278   0x08002278   0x0000013c   Code   RO          617    .text.TIM_Base_SetConfig  stm32f4xx_hal_tim.o
    0x080023b4   0x080023b4   0x00000002   Code   RO           44    .text.UsageFault_Handler  stm32f4xx_it.o
    0x080023b6   0x080023b6   0x00000002   PAD
    0x080023b8   0x080023b8   0x00000290   Code   RO           23    .text.main          main.o
    0x08002648   0x08002648   0x0000001e   Code   RO           97    .text.print_msg     config.o
    0x08002666   0x08002666   0x0000003e   Code   RO         1384    CL$$btod_d2e        c_w.l(btod.o)
    0x080026a4   0x080026a4   0x00000046   Code   RO         1386    CL$$btod_d2e_denorm_low  c_w.l(btod.o)
    0x080026ea   0x080026ea   0x00000060   Code   RO         1385    CL$$btod_d2e_norm_op1  c_w.l(btod.o)
    0x0800274a   0x0800274a   0x00000002   PAD
    0x0800274c   0x0800274c   0x00000338   Code   RO         1394    CL$$btod_div_common  c_w.l(btod.o)
    0x08002a84   0x08002a84   0x000000dc   Code   RO         1391    CL$$btod_e2e        c_w.l(btod.o)
    0x08002b60   0x08002b60   0x0000002a   Code   RO         1388    CL$$btod_ediv       c_w.l(btod.o)
    0x08002b8a   0x08002b8a   0x0000002a   Code   RO         1387    CL$$btod_emul       c_w.l(btod.o)
    0x08002bb4   0x08002bb4   0x00000244   Code   RO         1393    CL$$btod_mult_common  c_w.l(btod.o)
    0x08002df8   0x08002df8   0x00000030   Code   RO         1314    i.__ARM_fpclassify  m_wm.l(fpclassify.o)
    0x08002e28   0x08002e28   0x000000c8   Code   RO         1170    i.__hardfp_sin      m_wm.l(sin.o)
    0x08002ef0   0x08002ef0   0x00000438   Code   RO         1319    i.__ieee754_rem_pio2  m_wm.l(rred.o)
    0x08003328   0x08003328   0x00000170   Code   RO         1291    i.__kernel_cos      m_wm.l(cos_i.o)
    0x08003498   0x08003498   0x000000f8   Code   RO         1316    i.__kernel_poly     m_wm.l(poly.o)
    0x08003590   0x08003590   0x00000130   Code   RO         1324    i.__kernel_sin      m_wm.l(sin_i.o)
    0x080036c0   0x080036c0   0x00000014   Code   RO         1295    i.__mathlib_dbl_infnan  m_wm.l(dunder.o)
    0x080036d4   0x080036d4   0x00000004   PAD
    0x080036d8   0x080036d8   0x00000020   Code   RO         1297    i.__mathlib_dbl_invalid  m_wm.l(dunder.o)
    0x080036f8   0x080036f8   0x00000020   Code   RO         1300    i.__mathlib_dbl_underflow  m_wm.l(dunder.o)
    0x08003718   0x08003718   0x00000018   Code   RO         1310    i.fabs              m_wm.l(fabs.o)
    0x08003730   0x08003730   0x0000002c   Code   RO         1423    locale$$code        c_w.l(lc_numeric_c.o)
    0x0800375c   0x0800375c   0x00000018   Code   RO         1274    x$fpl$basic         fz_wm.l(basic.o)
    0x08003774   0x08003774   0x00000150   Code   RO         1131    x$fpl$dadd          fz_wm.l(daddsub_clz.o)
    0x080038c4   0x080038c4   0x000002b4   Code   RO         1140    x$fpl$ddiv          fz_wm.l(ddiv.o)
    0x08003b78   0x08003b78   0x0000005e   Code   RO         1438    x$fpl$dfix          fz_wm.l(dfix.o)
    0x08003bd6   0x08003bd6   0x00000002   PAD
    0x08003bd8   0x08003bd8   0x0000005a   Code   RO         1143    x$fpl$dfixu         fz_wm.l(dfixu.o)
    0x08003c32   0x08003c32   0x0000002e   Code   RO         1148    x$fpl$dflt          fz_wm.l(dflt_clz.o)
    0x08003c60   0x08003c60   0x00000026   Code   RO         1147    x$fpl$dfltu         fz_wm.l(dflt_clz.o)
    0x08003c86   0x08003c86   0x00000002   PAD
    0x08003c88   0x08003c88   0x00000154   Code   RO         1153    x$fpl$dmul          fz_wm.l(dmul.o)
    0x08003ddc   0x08003ddc   0x0000009c   Code   RO         1282    x$fpl$dnaninf       fz_wm.l(dnaninf.o)
    0x08003e78   0x08003e78   0x0000000c   Code   RO         1284    x$fpl$dretinf       fz_wm.l(dretinf.o)
    0x08003e84   0x08003e84   0x00000016   Code   RO         1132    x$fpl$drsb          fz_wm.l(daddsub_clz.o)
    0x08003e9a   0x08003e9a   0x00000002   PAD
    0x08003e9c   0x08003e9c   0x000001dc   Code   RO         1133    x$fpl$dsub          fz_wm.l(daddsub_clz.o)
    0x08004078   0x08004078   0x0000001a   Code   RO         1444    x$fpl$fpinit        fz_wm.l(fpinit.o)
    0x08004092   0x08004092   0x00000004   Code   RO         1155    x$fpl$printf1       fz_wm.l(printf1.o)
    0x08004096   0x08004096   0x00000000   Code   RO         1290    x$fpl$usenofp       fz_wm.l(usenofp.o)
    0x08004096   0x08004096   0x00000002   PAD
    0x08004098   0x08004098   0x00000030   Data   RO         1292    .constdata          m_wm.l(cos_i.o)
    0x080040c8   0x080040c8   0x000000cc   Data   RO         1321    .constdata          m_wm.l(rred.o)
    0x08004194   0x08004194   0x00000004   PAD
    0x08004198   0x08004198   0x00000028   Data   RO         1325    .constdata          m_wm.l(sin_i.o)
    0x080041c0   0x080041c0   0x00000094   Data   RO         1382    .constdata          c_w.l(bigflt0.o)
    0x08004254   0x08004254   0x00000010   Data   RO         1019    .rodata.AHBPrescTable  system_stm32f4xx.o
    0x08004264   0x08004264   0x00000008   Data   RO         1020    .rodata.APBPrescTable  system_stm32f4xx.o
    0x0800426c   0x0800426c   0x00000020   Data   RO         1604    Region$$Table       anon$$obj.o
    0x0800428c   0x0800428c   0x0000001c   Data   RO         1422    locale$$data        c_w.l(lc_numeric_c.o)


    Execution Region RW_IRAM1 (Exec base: 0x20000000, Load base: 0x080042a8, Size: 0x00000718, Max: 0x00020000, ABSOLUTE)

    Exec Addr    Load Addr    Size         Type   Attr      Idx    E Section Name        Object

    0x20000000   0x080042a8   0x00000008   Data   RW          578    .data..L_MergedGlobals  stm32f4xx_hal.o
    0x20000008   0x080042b0   0x00000004   Data   RW         1018    .data.SystemCoreClock  system_stm32f4xx.o
    0x2000000c   0x080042b4   0x00000001   Data   RW           25    .data.fs_terms      main.o
    0x2000000d   0x080042b5   0x00000003   PAD
    0x20000010        -       0x00000060   Zero   RW         1338    .bss                c_w.l(libspace.o)
    0x20000070        -       0x00000014   Zero   RW           99    .bss.hdac           config.o
    0x20000084        -       0x00000048   Zero   RW          100    .bss.htim6          config.o
    0x200000cc        -       0x00000044   Zero   RW          101    .bss.husart3        config.o
    0x20000110        -       0x00000004   Zero   RW          577    .bss.uwTick         stm32f4xx_hal.o
    0x20000114   0x080042b5   0x00000004   PAD
    0x20000118        -       0x00000200   Zero   RW            2    HEAP                startup_stm32f446xx.o
    0x20000318        -       0x00000400   Zero   RW            1    STACK               startup_stm32f446xx.o


==============================================================================

Image component sizes


      Code (inc. data)   RO Data    RW Data    ZI Data      Debug   Object Name

       764          0          0          0        160      11794   config.o
       656         48          0          1          0       8598   main.o
        64         26        452          0       1536        868   startup_stm32f446xx.o
       204          0          0          8          4       7511   stm32f4xx_hal.o
       196          0          0          0          0      10587   stm32f4xx_hal_cortex.o
       250          0          0          0          0       7791   stm32f4xx_hal_dac.o
       464          0          0          0          0       5464   stm32f4xx_hal_gpio.o
       374          0          0          0          0       8305   stm32f4xx_hal_msp.o
       432          0          0          0          0       7582   stm32f4xx_hal_rcc.o
      1154          4          0          0          0      11152   stm32f4xx_hal_rcc_ex.o
       568          0          0          0          0      55498   stm32f4xx_hal_tim.o
       186          0          0          0          0      21004   stm32f4xx_hal_tim_ex.o
       672          0          0          0          0      19418   stm32f4xx_hal_usart.o
        84          0          0          0          0       2081   stm32f4xx_it.o
        18          0         24          4          0       2754   system_stm32f4xx.o

    ----------------------------------------------------------------------
      6142         78        508         16       1704     180407   Object Totals
         0          0         32          0          0          0   (incl. Generated)
        56          0          0          3          4          0   (incl. Padding)

    ----------------------------------------------------------------------

      Code (inc. data)   RO Data    RW Data    ZI Data      Debug   Library Member Name

         8          0          0          0          0         68   __main.o
         0          0          0          0          0          0   __rtentry.o
        12          0          0          0          0          0   __rtentry2.o
         6          0          0          0          0          0   __rtentry4.o
        94          8          0          0          0          0   __scatter.o
        26          0          0          0          0          0   __scatter_copy.o
        28          0          0          0          0          0   __scatter_zi.o
         6          0          0          0          0          0   _printf_d.o
       120         16          0          0          0         92   _printf_dec.o
         6          0          0          0          0          0   _printf_f.o
      1052          0          0          0          0        148   _printf_fp_dec.o
       128         16          0          0          0         84   _printf_fp_infnan.o
       178          0          0          0          0         88   _printf_intcommon.o
         0          0          0          0          0          0   _printf_percent.o
         4          0          0          0          0          0   _printf_percent_end.o
        22          0          0          0          0        100   _rserrno.o
       228          4        148          0          0         96   bigflt0.o
      1936        128          0          0          0        668   btod.o
        10          0          0          0          0         68   defsig_exit.o
        50          0          0          0          0         88   defsig_general.o
        80         58          0          0          0         76   defsig_rtmem_inner.o
        14          0          0          0          0         80   defsig_rtmem_outer.o
        18          0          0          0          0         80   exit.o
        94          0          0          0          0         80   h1_alloc.o
        52          0          0          0          0         68   h1_extend.o
        78          0          0          0          0         80   h1_free.o
        12          0          0          0          0         84   h1_init.o
         6          0          0          0          0        152   heapauxi.o
         4          0          0          0          0        136   hguard.o
         0          0          0          0          0          0   indicate_semi.o
       138          0          0          0          0        168   init_alloc.o
        44         10         28          0          0         76   lc_numeric_c.o
         2          0          0          0          0          0   libinit.o
        30          0          0          0          0          0   libinit2.o
         2          0          0          0          0          0   libshutdown.o
         2          0          0          0          0          0   libshutdown2.o
         8          4          0          0         96         68   libspace.o
       138          0          0          0          0         80   lludiv10.o
       240          0          0          0          0        100   lludivv7m.o
         0          0          0          0          0          0   maybetermalloc1.o
         8          4          0          0          0         68   rt_errno_addr_intlibspace.o
         8          4          0          0          0         68   rt_heap_descriptor_intlibspace.o
         8          4          0          0          0         68   rt_locale_intlibspace.o
         2          0          0          0          0          0   rtexit.o
        10          0          0          0          0          0   rtexit2.o
       124          0          0          0          0         88   strcmpv7em.o
        62          0          0          0          0         76   strlen.o
        12          4          0          0          0         68   sys_exit.o
        74          0          0          0          0         80   sys_stackheap_outer.o
        14          0          0          0          0         76   sys_wrch.o
         2          0          0          0          0         68   use_no_semi.o
        24          0          0          0          0        164   basic.o
       834         16          0          0          0        516   daddsub_clz.o
       692        140          0          0          0        264   ddiv.o
        94          4          0          0          0        140   dfix.o
        90          4          0          0          0        140   dfixu.o
        84          0          0          0          0        232   dflt_clz.o
       340         12          0          0          0        152   dmul.o
       156          4          0          0          0        140   dnaninf.o
        12          0          0          0          0        116   dretinf.o
        26          0          0          0          0        116   fpinit.o
         4          0          0          0          0        116   printf1.o
         0          0          0          0          0          0   usenofp.o
       368         46         48          0          0        200   cos_i.o
        84         16          0          0          0        372   dunder.o
        24          0          0          0          0        124   fabs.o
        48          0          0          0          0        124   fpclassify.o
       248          0          0          0          0        152   poly.o
      1080        142        204          0          0        188   rred.o
       200         20          0          0          0        164   sin.o
       304         24         40          0          0        208   sin_i.o

    ----------------------------------------------------------------------
      9942        692        472          0         96       7116   Library Totals
        30          4          4          0          0          0   (incl. Padding)

    ----------------------------------------------------------------------

      Code (inc. data)   RO Data    RW Data    ZI Data      Debug   Library Name

      5200        260        176          0         96       3488   c_w.l
      2356        180          0          0          0       2096   fz_wm.l
      2356        248        292          0          0       1532   m_wm.l

    ----------------------------------------------------------------------
      9942        692        472          0         96       7116   Library Totals

    ----------------------------------------------------------------------

==============================================================================


      Code (inc. data)   RO Data    RW Data    ZI Data      Debug   

     16084        770        980         16       1800     183207   Grand Totals
     16084        770        980         16       1800     183207   ELF Image Totals
     16084        770        980         16          0          0   ROM Totals

==============================================================================

    Total RO  Size (Code + RO Data)                17064 (  16.66kB)
    Total RW  Size (RW Data + ZI Data)              1816 (   1.77kB)
    Total ROM Size (Code + RO Data + RW Data)      17080 (  16.68kB)

==============================================================================

